c:\users\rodri\onedrive\documentos\github\en_parejas2\tpv2\tpv2 - p1\temp\x64\debug\vc143.pdb
c:\users\rodri\onedrive\documentos\github\en_parejas2\tpv2\tpv2 - p1\temp\x64\debug\vc143.idb
c:\users\rodri\onedrive\documentos\github\en_parejas2\tpv2\tpv2 - p1\temp\x64\debug\pausestate.obj
c:\users\rodri\onedrive\documentos\github\en_parejas2\tpv2\tpv2 - p1\temp\x64\debug\newroundstate.obj
c:\users\rodri\onedrive\documentos\github\en_parejas2\tpv2\tpv2 - p1\temp\x64\debug\newgamestate.obj
c:\users\rodri\onedrive\documentos\github\en_parejas2\tpv2\tpv2 - p1\temp\x64\debug\gameoverstate.obj
c:\users\rodri\onedrive\documentos\github\en_parejas2\tpv2\tpv2 - p1\temp\x64\debug\game.obj
c:\users\rodri\onedrive\documentos\github\en_parejas2\tpv2\tpv2 - p1\temp\x64\debug\fighterutils.obj
c:\users\rodri\onedrive\documentos\github\en_parejas2\tpv2\tpv2 - p1\temp\x64\debug\asteroidsutils.obj
c:\users\rodri\onedrive\documentos\github\en_parejas2\tpv2\tpv2 - p1\temp\x64\debug\entitymanager.obj
c:\users\rodri\onedrive\documentos\github\en_parejas2\tpv2\tpv2 - p1\temp\x64\debug\towarddestination.obj
c:\users\rodri\onedrive\documentos\github\en_parejas2\tpv2\tpv2 - p1\temp\x64\debug\teleportonexit.obj
c:\users\rodri\onedrive\documentos\github\en_parejas2\tpv2\tpv2 - p1\temp\x64\debug\showatoppositeside.obj
c:\users\rodri\onedrive\documentos\github\en_parejas2\tpv2\tpv2 - p1\temp\x64\debug\materialconsistency.obj
c:\users\rodri\onedrive\documentos\github\en_parejas2\tpv2\tpv2 - p1\temp\x64\debug\imagewithframes.obj
c:\users\rodri\onedrive\documentos\github\en_parejas2\tpv2\tpv2 - p1\temp\x64\debug\image.obj
c:\users\rodri\onedrive\documentos\github\en_parejas2\tpv2\tpv2 - p1\temp\x64\debug\health.obj
c:\users\rodri\onedrive\documentos\github\en_parejas2\tpv2\tpv2 - p1\temp\x64\debug\gun.obj
c:\users\rodri\onedrive\documentos\github\en_parejas2\tpv2\tpv2 - p1\temp\x64\debug\generations.obj
c:\users\rodri\onedrive\documentos\github\en_parejas2\tpv2\tpv2 - p1\temp\x64\debug\follow.obj
c:\users\rodri\onedrive\documentos\github\en_parejas2\tpv2\tpv2 - p1\temp\x64\debug\fighterctrl.obj
c:\users\rodri\onedrive\documentos\github\en_parejas2\tpv2\tpv2 - p1\temp\x64\debug\deacceleration.obj
c:\users\rodri\onedrive\documentos\github\en_parejas2\tpv2\tpv2 - p1\temp\x64\debug\vector2d.obj
c:\users\rodri\onedrive\documentos\github\en_parejas2\tpv2\tpv2 - p1\temp\x64\debug\collisions.obj
c:\users\rodri\onedrive\documentos\github\en_parejas2\tpv2\tpv2 - p1\temp\x64\debug\texture.obj
c:\users\rodri\onedrive\documentos\github\en_parejas2\tpv2\tpv2 - p1\temp\x64\debug\soundeffect.obj
c:\users\rodri\onedrive\documentos\github\en_parejas2\tpv2\tpv2 - p1\temp\x64\debug\sdlutils_demo.obj
c:\users\rodri\onedrive\documentos\github\en_parejas2\tpv2\tpv2 - p1\temp\x64\debug\sdlutilserror.obj
c:\users\rodri\onedrive\documentos\github\en_parejas2\tpv2\tpv2 - p1\temp\x64\debug\sdlutils.obj
c:\users\rodri\onedrive\documentos\github\en_parejas2\tpv2\tpv2 - p1\temp\x64\debug\main.obj
c:\users\rodri\onedrive\documentos\github\en_parejas2\tpv2\tpv2 - p1\temp\x64\debug\json_demo.obj
c:\users\rodri\onedrive\documentos\github\en_parejas2\tpv2\tpv2 - p1\temp\x64\debug\jsonvalue.obj
c:\users\rodri\onedrive\documentos\github\en_parejas2\tpv2\tpv2 - p1\temp\x64\debug\json.obj
c:\users\rodri\onedrive\documentos\github\en_parejas2\tpv2\tpv2 - p1\temp\x64\debug\runningstate.obj
c:\users\guillermo i\documents\curso2\en_parejas\en_parejas2\tpv2\tpv2 - p1\bin\x64\debug\tpv2.exe
c:\users\guillermo i\documents\curso2\en_parejas\en_parejas2\tpv2\tpv2 - p1\bin\x64\debug\tpv2.pdb
c:\users\rodri\onedrive\documentos\github\en_parejas2\tpv2\tpv2 - p1\bin\x64\debug\tpv2.exe
c:\users\rodri\onedrive\documentos\github\en_parejas2\tpv2\tpv2 - p1\bin\x64\debug\tpv2.pdb
c:\users\rodri\onedrive\documentos\github\en_parejas2\tpv2\tpv2 - p1\temp\x64\debug\tpv2.ilk
c:\users\rodri\onedrive\documentos\github\en_parejas2\tpv2\tpv2 - p1\temp\x64\debug\tpv2.vcxproj.filelistabsolute.txt
c:\users\rodri\onedrive\documentos\github\en_parejas2\tpv2\tpv2 - p1\temp\x64\debug\tpv2.tlog\cl.command.1.tlog
c:\users\rodri\onedrive\documentos\github\en_parejas2\tpv2\tpv2 - p1\temp\x64\debug\tpv2.tlog\cl.items.tlog
c:\users\rodri\onedrive\documentos\github\en_parejas2\tpv2\tpv2 - p1\temp\x64\debug\tpv2.tlog\cl.read.1.tlog
c:\users\rodri\onedrive\documentos\github\en_parejas2\tpv2\tpv2 - p1\temp\x64\debug\tpv2.tlog\cl.write.1.tlog
c:\users\rodri\onedrive\documentos\github\en_parejas2\tpv2\tpv2 - p1\temp\x64\debug\tpv2.tlog\link.command.1.tlog
c:\users\rodri\onedrive\documentos\github\en_parejas2\tpv2\tpv2 - p1\temp\x64\debug\tpv2.tlog\link.read.1.tlog
c:\users\rodri\onedrive\documentos\github\en_parejas2\tpv2\tpv2 - p1\temp\x64\debug\tpv2.tlog\link.secondary.1.tlog
c:\users\rodri\onedrive\documentos\github\en_parejas2\tpv2\tpv2 - p1\temp\x64\debug\tpv2.tlog\link.write.1.tlog
