  IG2Project.cpp
C:\Users\rodri\OneDrive\Escritorio\UNI\3ro\IG2\ogre-14.3.4\ogre-14.3.4-release\sdk\include\OGRE\OgreVector.h(120,30): warning C4251: "Ogre::VectorBase<2,Ogre::Real>::ZERO": "Ogre::Vector<2,Ogre::Real>" debe tener una interfaz DLL para que la usen los clientes de "Ogre::VectorBase<2,Ogre::Real>"
  (compilando archivo de origen "IG2Project.cpp")
      C:\Users\rodri\OneDrive\Escritorio\UNI\3ro\IG2\ogre-14.3.4\ogre-14.3.4-release\sdk\include\OGRE\OgrePrerequisites.h(261,60):
      vea la declaración de 'Ogre::Vector<2,Ogre::Real>'
  
C:\Users\rodri\OneDrive\Escritorio\UNI\3ro\IG2\ogre-14.3.4\ogre-14.3.4-release\sdk\include\OGRE\OgreVector.h(121,30): warning C4251: "Ogre::VectorBase<2,Ogre::Real>::UNIT_X": "Ogre::Vector<2,Ogre::Real>" debe tener una interfaz DLL para que la usen los clientes de "Ogre::VectorBase<2,Ogre::Real>"
  (compilando archivo de origen "IG2Project.cpp")
      C:\Users\rodri\OneDrive\Escritorio\UNI\3ro\IG2\ogre-14.3.4\ogre-14.3.4-release\sdk\include\OGRE\OgrePrerequisites.h(261,60):
      vea la declaración de 'Ogre::Vector<2,Ogre::Real>'
  
C:\Users\rodri\OneDrive\Escritorio\UNI\3ro\IG2\ogre-14.3.4\ogre-14.3.4-release\sdk\include\OGRE\OgreVector.h(122,30): warning C4251: "Ogre::VectorBase<2,Ogre::Real>::UNIT_Y": "Ogre::Vector<2,Ogre::Real>" debe tener una interfaz DLL para que la usen los clientes de "Ogre::VectorBase<2,Ogre::Real>"
  (compilando archivo de origen "IG2Project.cpp")
      C:\Users\rodri\OneDrive\Escritorio\UNI\3ro\IG2\ogre-14.3.4\ogre-14.3.4-release\sdk\include\OGRE\OgrePrerequisites.h(261,60):
      vea la declaración de 'Ogre::Vector<2,Ogre::Real>'
  
C:\Users\rodri\OneDrive\Escritorio\UNI\3ro\IG2\ogre-14.3.4\ogre-14.3.4-release\sdk\include\OGRE\OgreVector.h(123,30): warning C4251: "Ogre::VectorBase<2,Ogre::Real>::NEGATIVE_UNIT_X": "Ogre::Vector<2,Ogre::Real>" debe tener una interfaz DLL para que la usen los clientes de "Ogre::VectorBase<2,Ogre::Real>"
  (compilando archivo de origen "IG2Project.cpp")
      C:\Users\rodri\OneDrive\Escritorio\UNI\3ro\IG2\ogre-14.3.4\ogre-14.3.4-release\sdk\include\OGRE\OgrePrerequisites.h(261,60):
      vea la declaración de 'Ogre::Vector<2,Ogre::Real>'
  
C:\Users\rodri\OneDrive\Escritorio\UNI\3ro\IG2\ogre-14.3.4\ogre-14.3.4-release\sdk\include\OGRE\OgreVector.h(124,30): warning C4251: "Ogre::VectorBase<2,Ogre::Real>::NEGATIVE_UNIT_Y": "Ogre::Vector<2,Ogre::Real>" debe tener una interfaz DLL para que la usen los clientes de "Ogre::VectorBase<2,Ogre::Real>"
  (compilando archivo de origen "IG2Project.cpp")
      C:\Users\rodri\OneDrive\Escritorio\UNI\3ro\IG2\ogre-14.3.4\ogre-14.3.4-release\sdk\include\OGRE\OgrePrerequisites.h(261,60):
      vea la declaración de 'Ogre::Vector<2,Ogre::Real>'
  
C:\Users\rodri\OneDrive\Escritorio\UNI\3ro\IG2\ogre-14.3.4\ogre-14.3.4-release\sdk\include\OGRE\OgreVector.h(125,30): warning C4251: "Ogre::VectorBase<2,Ogre::Real>::UNIT_SCALE": "Ogre::Vector<2,Ogre::Real>" debe tener una interfaz DLL para que la usen los clientes de "Ogre::VectorBase<2,Ogre::Real>"
  (compilando archivo de origen "IG2Project.cpp")
      C:\Users\rodri\OneDrive\Escritorio\UNI\3ro\IG2\ogre-14.3.4\ogre-14.3.4-release\sdk\include\OGRE\OgrePrerequisites.h(261,60):
      vea la declaración de 'Ogre::Vector<2,Ogre::Real>'
  
C:\Users\rodri\OneDrive\Escritorio\UNI\3ro\IG2\ogre-14.3.4\ogre-14.3.4-release\sdk\include\OGRE\OgreVector.h(247,30): warning C4251: "Ogre::VectorBase<3,Ogre::Real>::ZERO": "Ogre::Vector<3,Ogre::Real>" debe tener una interfaz DLL para que la usen los clientes de "Ogre::VectorBase<3,Ogre::Real>"
  (compilando archivo de origen "IG2Project.cpp")
      C:\Users\rodri\OneDrive\Escritorio\UNI\3ro\IG2\ogre-14.3.4\ogre-14.3.4-release\sdk\include\OGRE\OgrePrerequisites.h(261,60):
      vea la declaración de 'Ogre::Vector<3,Ogre::Real>'
  
C:\Users\rodri\OneDrive\Escritorio\UNI\3ro\IG2\ogre-14.3.4\ogre-14.3.4-release\sdk\include\OGRE\OgreVector.h(248,30): warning C4251: "Ogre::VectorBase<3,Ogre::Real>::UNIT_X": "Ogre::Vector<3,Ogre::Real>" debe tener una interfaz DLL para que la usen los clientes de "Ogre::VectorBase<3,Ogre::Real>"
  (compilando archivo de origen "IG2Project.cpp")
      C:\Users\rodri\OneDrive\Escritorio\UNI\3ro\IG2\ogre-14.3.4\ogre-14.3.4-release\sdk\include\OGRE\OgrePrerequisites.h(261,60):
      vea la declaración de 'Ogre::Vector<3,Ogre::Real>'
  
C:\Users\rodri\OneDrive\Escritorio\UNI\3ro\IG2\ogre-14.3.4\ogre-14.3.4-release\sdk\include\OGRE\OgreVector.h(249,30): warning C4251: "Ogre::VectorBase<3,Ogre::Real>::UNIT_Y": "Ogre::Vector<3,Ogre::Real>" debe tener una interfaz DLL para que la usen los clientes de "Ogre::VectorBase<3,Ogre::Real>"
  (compilando archivo de origen "IG2Project.cpp")
      C:\Users\rodri\OneDrive\Escritorio\UNI\3ro\IG2\ogre-14.3.4\ogre-14.3.4-release\sdk\include\OGRE\OgrePrerequisites.h(261,60):
      vea la declaración de 'Ogre::Vector<3,Ogre::Real>'
  
C:\Users\rodri\OneDrive\Escritorio\UNI\3ro\IG2\ogre-14.3.4\ogre-14.3.4-release\sdk\include\OGRE\OgreVector.h(250,30): warning C4251: "Ogre::VectorBase<3,Ogre::Real>::UNIT_Z": "Ogre::Vector<3,Ogre::Real>" debe tener una interfaz DLL para que la usen los clientes de "Ogre::VectorBase<3,Ogre::Real>"
  (compilando archivo de origen "IG2Project.cpp")
      C:\Users\rodri\OneDrive\Escritorio\UNI\3ro\IG2\ogre-14.3.4\ogre-14.3.4-release\sdk\include\OGRE\OgrePrerequisites.h(261,60):
      vea la declaración de 'Ogre::Vector<3,Ogre::Real>'
  
C:\Users\rodri\OneDrive\Escritorio\UNI\3ro\IG2\ogre-14.3.4\ogre-14.3.4-release\sdk\include\OGRE\OgreVector.h(251,30): warning C4251: "Ogre::VectorBase<3,Ogre::Real>::NEGATIVE_UNIT_X": "Ogre::Vector<3,Ogre::Real>" debe tener una interfaz DLL para que la usen los clientes de "Ogre::VectorBase<3,Ogre::Real>"
  (compilando archivo de origen "IG2Project.cpp")
      C:\Users\rodri\OneDrive\Escritorio\UNI\3ro\IG2\ogre-14.3.4\ogre-14.3.4-release\sdk\include\OGRE\OgrePrerequisites.h(261,60):
      vea la declaración de 'Ogre::Vector<3,Ogre::Real>'
  
C:\Users\rodri\OneDrive\Escritorio\UNI\3ro\IG2\ogre-14.3.4\ogre-14.3.4-release\sdk\include\OGRE\OgreVector.h(252,30): warning C4251: "Ogre::VectorBase<3,Ogre::Real>::NEGATIVE_UNIT_Y": "Ogre::Vector<3,Ogre::Real>" debe tener una interfaz DLL para que la usen los clientes de "Ogre::VectorBase<3,Ogre::Real>"
  (compilando archivo de origen "IG2Project.cpp")
      C:\Users\rodri\OneDrive\Escritorio\UNI\3ro\IG2\ogre-14.3.4\ogre-14.3.4-release\sdk\include\OGRE\OgrePrerequisites.h(261,60):
      vea la declaración de 'Ogre::Vector<3,Ogre::Real>'
  
C:\Users\rodri\OneDrive\Escritorio\UNI\3ro\IG2\ogre-14.3.4\ogre-14.3.4-release\sdk\include\OGRE\OgreVector.h(253,30): warning C4251: "Ogre::VectorBase<3,Ogre::Real>::NEGATIVE_UNIT_Z": "Ogre::Vector<3,Ogre::Real>" debe tener una interfaz DLL para que la usen los clientes de "Ogre::VectorBase<3,Ogre::Real>"
  (compilando archivo de origen "IG2Project.cpp")
      C:\Users\rodri\OneDrive\Escritorio\UNI\3ro\IG2\ogre-14.3.4\ogre-14.3.4-release\sdk\include\OGRE\OgrePrerequisites.h(261,60):
      vea la declaración de 'Ogre::Vector<3,Ogre::Real>'
  
C:\Users\rodri\OneDrive\Escritorio\UNI\3ro\IG2\ogre-14.3.4\ogre-14.3.4-release\sdk\include\OGRE\OgreVector.h(254,30): warning C4251: "Ogre::VectorBase<3,Ogre::Real>::UNIT_SCALE": "Ogre::Vector<3,Ogre::Real>" debe tener una interfaz DLL para que la usen los clientes de "Ogre::VectorBase<3,Ogre::Real>"
  (compilando archivo de origen "IG2Project.cpp")
      C:\Users\rodri\OneDrive\Escritorio\UNI\3ro\IG2\ogre-14.3.4\ogre-14.3.4-release\sdk\include\OGRE\OgrePrerequisites.h(261,60):
      vea la declaración de 'Ogre::Vector<3,Ogre::Real>'
  
C:\Users\rodri\OneDrive\Escritorio\UNI\3ro\IG2\ogre-14.3.4\ogre-14.3.4-release\sdk\include\OGRE\OgreVector.h(266,30): warning C4251: "Ogre::VectorBase<4,Ogre::Real>::ZERO": "Ogre::Vector<4,Ogre::Real>" debe tener una interfaz DLL para que la usen los clientes de "Ogre::VectorBase<4,Ogre::Real>"
  (compilando archivo de origen "IG2Project.cpp")
      C:\Users\rodri\OneDrive\Escritorio\UNI\3ro\IG2\ogre-14.3.4\ogre-14.3.4-release\sdk\include\OGRE\OgrePrerequisites.h(261,60):
      vea la declaración de 'Ogre::Vector<4,Ogre::Real>'
  
C:\Users\rodri\OneDrive\Escritorio\UNI\3ro\IG2\ogre-14.3.4\ogre-14.3.4-release\sdk\include\OGRE\Bites\OgreStaticPluginLoader.h(27,36): warning C4251: "OgreBites::StaticPluginLoader::mPlugins": "std::vector<Ogre::Plugin *,std::allocator<Ogre::Plugin *>>" debe tener una interfaz DLL para que la usen los clientes de "OgreBites::StaticPluginLoader"
  (compilando archivo de origen "IG2Project.cpp")
      C:\Program Files\Microsoft Visual Studio\2022\Community\VC\Tools\MSVC\14.41.34120\include\vector(429,7):
      vea la declaración de 'std::vector<Ogre::Plugin *,std::allocator<Ogre::Plugin *>>'
  
C:\Users\rodri\OneDrive\Escritorio\UNI\3ro\IG2\ogre-14.3.4\ogre-14.3.4-release\sdk\include\OGRE\RTShaderSystem\OgreShaderProgramManager.h(161,25): warning C4251: "Ogre::RTShader::ProgramManager::mProgramProcessorsMap": "std::map<Ogre::String,Ogre::RTShader::ProgramProcessor *,std::less<Ogre::String>,std::allocator<std::pair<const Ogre::String,Ogre::RTShader::ProgramProcessor *>>>" debe tener una interfaz DLL para que la usen los clientes de "Ogre::RTShader::ProgramManager"
  (compilando archivo de origen "IG2Project.cpp")
      C:\Program Files\Microsoft Visual Studio\2022\Community\VC\Tools\MSVC\14.41.34120\include\map(72,7):
      vea la declaración de 'std::map<Ogre::String,Ogre::RTShader::ProgramProcessor *,std::less<Ogre::String>,std::allocator<std::pair<const Ogre::String,Ogre::RTShader::ProgramProcessor *>>>'
  
C:\Users\rodri\OneDrive\Escritorio\UNI\3ro\IG2\ogre-14.3.4\ogre-14.3.4-release\sdk\include\OGRE\RTShaderSystem\OgreShaderProgramManager.h(163,32): warning C4251: "Ogre::RTShader::ProgramManager::mShaderList": "std::vector<Ogre::GpuProgramPtr,std::allocator<Ogre::GpuProgramPtr>>" debe tener una interfaz DLL para que la usen los clientes de "Ogre::RTShader::ProgramManager"
  (compilando archivo de origen "IG2Project.cpp")
      C:\Program Files\Microsoft Visual Studio\2022\Community\VC\Tools\MSVC\14.41.34120\include\vector(429,7):
      vea la declaración de 'std::vector<Ogre::GpuProgramPtr,std::allocator<Ogre::GpuProgramPtr>>'
  
C:\Users\rodri\OneDrive\Escritorio\UNI\3ro\IG2\ogre-14.3.4\ogre-14.3.4-release\sdk\include\OGRE\RTShaderSystem\OgreShaderProgramManager.h(165,26): warning C4251: "Ogre::RTShader::ProgramManager::mDefaultProgramProcessors": "std::vector<Ogre::RTShader::ProgramProcessor *,std::allocator<Ogre::RTShader::ProgramProcessor *>>" debe tener una interfaz DLL para que la usen los clientes de "Ogre::RTShader::ProgramManager"
  (compilando archivo de origen "IG2Project.cpp")
      C:\Program Files\Microsoft Visual Studio\2022\Community\VC\Tools\MSVC\14.41.34120\include\vector(429,7):
      vea la declaración de 'std::vector<Ogre::RTShader::ProgramProcessor *,std::allocator<Ogre::RTShader::ProgramProcessor *>>'
  
C:\Users\rodri\OneDrive\Escritorio\UNI\3ro\IG2\ogre-14.3.4\ogre-14.3.4-release\sdk\include\OGRE\RTShaderSystem\OgreShaderParameter.h(260,12): warning C4251: "Ogre::RTShader::Parameter::mName": "std::basic_string<char,std::char_traits<char>,std::allocator<char>>" debe tener una interfaz DLL para que la usen los clientes de "Ogre::RTShader::Parameter"
  (compilando archivo de origen "IG2Project.cpp")
      C:\Program Files\Microsoft Visual Studio\2022\Community\VC\Tools\MSVC\14.41.34120\include\xstring(527,7):
      vea la declaración de 'std::basic_string<char,std::char_traits<char>,std::allocator<char>>'
  
C:\Users\rodri\OneDrive\Escritorio\UNI\3ro\IG2\ogre-14.3.4\ogre-14.3.4-release\sdk\include\OGRE\RTShaderSystem\OgreShaderParameter.h(263,12): warning C4251: "Ogre::RTShader::Parameter::mBindName": "std::basic_string<char,std::char_traits<char>,std::allocator<char>>" debe tener una interfaz DLL para que la usen los clientes de "Ogre::RTShader::Parameter"
  (compilando archivo de origen "IG2Project.cpp")
      C:\Program Files\Microsoft Visual Studio\2022\Community\VC\Tools\MSVC\14.41.34120\include\xstring(527,7):
      vea la declaración de 'std::basic_string<char,std::char_traits<char>,std::allocator<char>>'
  
C:\Users\rodri\OneDrive\Escritorio\UNI\3ro\IG2\ogre-14.3.4\ogre-14.3.4-release\sdk\include\OGRE\RTShaderSystem\OgreShaderParameter.h(269,12): warning C4251: "Ogre::RTShader::Parameter::mStructType": "std::basic_string<char,std::char_traits<char>,std::allocator<char>>" debe tener una interfaz DLL para que la usen los clientes de "Ogre::RTShader::Parameter"
  (compilando archivo de origen "IG2Project.cpp")
      C:\Program Files\Microsoft Visual Studio\2022\Community\VC\Tools\MSVC\14.41.34120\include\xstring(527,7):
      vea la declaración de 'std::basic_string<char,std::char_traits<char>,std::allocator<char>>'
  
C:\Users\rodri\OneDrive\Escritorio\UNI\3ro\IG2\ogre-14.3.4\ogre-14.3.4-release\sdk\include\OGRE\RTShaderSystem\OgreShaderParameter.h(339,59): warning C4267: 'return': conversión de 'size_t' a 'Ogre::uint32'; posible pérdida de datos
  (compilando archivo de origen "IG2Project.cpp")
  
C:\Users\rodri\OneDrive\Escritorio\UNI\3ro\IG2\ogre-14.3.4\ogre-14.3.4-release\sdk\include\OGRE\RTShaderSystem\OgreShaderProgramWriter.h(100,29): warning C4251: "Ogre::RTShader::ProgramWriter::mGpuConstTypeMap": "std::map<Ogre::GpuConstantType,const char *,std::less<Ogre::GpuConstantType>,std::allocator<std::pair<const Ogre::GpuConstantType,const char *>>>" debe tener una interfaz DLL para que la usen los clientes de "Ogre::RTShader::ProgramWriter"
  (compilando archivo de origen "IG2Project.cpp")
      C:\Program Files\Microsoft Visual Studio\2022\Community\VC\Tools\MSVC\14.41.34120\include\map(72,7):
      vea la declaración de 'std::map<Ogre::GpuConstantType,const char *,std::less<Ogre::GpuConstantType>,std::allocator<std::pair<const Ogre::GpuConstantType,const char *>>>'
  
C:\Users\rodri\OneDrive\Escritorio\UNI\3ro\IG2\ogre-14.3.4\ogre-14.3.4-release\sdk\include\OGRE\RTShaderSystem\OgreShaderProgramWriter.h(102,30): warning C4251: "Ogre::RTShader::ProgramWriter::mParamSemanticMap": "std::map<Ogre::RTShader::Parameter::Semantic,const char *,std::less<Ogre::RTShader::Parameter::Semantic>,std::allocator<std::pair<const Ogre::RTShader::Parameter::Semantic,const char *>>>" debe tener una interfaz DLL para que la usen los clientes de "Ogre::RTShader::ProgramWriter"
  (compilando archivo de origen "IG2Project.cpp")
      C:\Program Files\Microsoft Visual Studio\2022\Community\VC\Tools\MSVC\14.41.34120\include\map(72,7):
      vea la declaración de 'std::map<Ogre::RTShader::Parameter::Semantic,const char *,std::less<Ogre::RTShader::Parameter::Semantic>,std::allocator<std::pair<const Ogre::RTShader::Parameter::Semantic,const char *>>>'
  
C:\Users\rodri\OneDrive\Escritorio\UNI\3ro\IG2\ogre-14.3.4\ogre-14.3.4-release\sdk\include\OGRE\RTShaderSystem\OgreShaderProgramWriter.h(104,22): warning C4251: "Ogre::RTShader::ProgramWriter::mLocalRenames": "std::set<Ogre::String,std::less<Ogre::String>,std::allocator<Ogre::String>>" debe tener una interfaz DLL para que la usen los clientes de "Ogre::RTShader::ProgramWriter"
  (compilando archivo de origen "IG2Project.cpp")
      C:\Program Files\Microsoft Visual Studio\2022\Community\VC\Tools\MSVC\14.41.34120\include\set(51,7):
      vea la declaración de 'std::set<Ogre::String,std::less<Ogre::String>,std::allocator<Ogre::String>>'
  
C:\Users\rodri\OneDrive\Escritorio\UNI\3ro\IG2\ogre-14.3.4\ogre-14.3.4-release\sdk\include\OGRE\OgreAxisAlignedBox.h(66,17): warning C4251: "Ogre::AxisAlignedBox::mMinimum": "Ogre::Vector<3,Ogre::Real>" debe tener una interfaz DLL para que la usen los clientes de "Ogre::AxisAlignedBox"
  (compilando archivo de origen "IG2Project.cpp")
      C:\Users\rodri\OneDrive\Escritorio\UNI\3ro\IG2\ogre-14.3.4\ogre-14.3.4-release\sdk\include\OGRE\OgreVector.h(277,28):
      vea la declaración de 'Ogre::Vector<3,Ogre::Real>'
  
C:\Users\rodri\OneDrive\Escritorio\UNI\3ro\IG2\ogre-14.3.4\ogre-14.3.4-release\sdk\include\OGRE\OgreAxisAlignedBox.h(67,17): warning C4251: "Ogre::AxisAlignedBox::mMaximum": "Ogre::Vector<3,Ogre::Real>" debe tener una interfaz DLL para que la usen los clientes de "Ogre::AxisAlignedBox"
  (compilando archivo de origen "IG2Project.cpp")
      C:\Users\rodri\OneDrive\Escritorio\UNI\3ro\IG2\ogre-14.3.4\ogre-14.3.4-release\sdk\include\OGRE\OgreVector.h(277,28):
      vea la declaración de 'Ogre::Vector<3,Ogre::Real>'
  
C:\Users\rodri\OneDrive\Escritorio\UNI\3ro\IG2\ogre-14.3.4\ogre-14.3.4-release\sdk\include\OGRE\OgrePlane.h(67,17): warning C4251: "Ogre::Plane::normal": "Ogre::Vector<3,Ogre::Real>" debe tener una interfaz DLL para que la usen los clientes de "Ogre::Plane"
  (compilando archivo de origen "IG2Project.cpp")
      C:\Users\rodri\OneDrive\Escritorio\UNI\3ro\IG2\ogre-14.3.4\ogre-14.3.4-release\sdk\include\OGRE\OgreVector.h(277,28):
      vea la declaración de 'Ogre::Vector<3,Ogre::Real>'
  
C:\Users\rodri\OneDrive\Escritorio\UNI\3ro\IG2\ogre-14.3.4\ogre-14.3.4-release\sdk\include\OGRE\OgreSphere.h(56,17): warning C4251: "Ogre::Sphere::mCenter": "Ogre::Vector<3,Ogre::Real>" debe tener una interfaz DLL para que la usen los clientes de "Ogre::Sphere"
  (compilando archivo de origen "IG2Project.cpp")
      C:\Users\rodri\OneDrive\Escritorio\UNI\3ro\IG2\ogre-14.3.4\ogre-14.3.4-release\sdk\include\OGRE\OgreVector.h(277,28):
      vea la declaración de 'Ogre::Vector<3,Ogre::Real>'
  
C:\Users\rodri\OneDrive\Escritorio\UNI\3ro\IG2\ogre-14.3.4\ogre-14.3.4-release\sdk\include\OGRE\OgreHardwareBuffer.h(173,45): warning C4251: "Ogre::HardwareBuffer::mDelegate": "std::unique_ptr<Ogre::HardwareBuffer,std::default_delete<Ogre::HardwareBuffer>>" debe tener una interfaz DLL para que la usen los clientes de "Ogre::HardwareBuffer"
  (compilando archivo de origen "IG2Project.cpp")
      C:\Program Files\Microsoft Visual Studio\2022\Community\VC\Tools\MSVC\14.41.34120\include\memory(3335,7):
      vea la declaración de 'std::unique_ptr<Ogre::HardwareBuffer,std::default_delete<Ogre::HardwareBuffer>>'
  
C:\Users\rodri\OneDrive\Escritorio\UNI\3ro\IG2\ogre-14.3.4\ogre-14.3.4-release\sdk\include\OGRE\OgreHardwareBuffer.h(174,45): warning C4251: "Ogre::HardwareBuffer::mShadowBuffer": "std::unique_ptr<Ogre::HardwareBuffer,std::default_delete<Ogre::HardwareBuffer>>" debe tener una interfaz DLL para que la usen los clientes de "Ogre::HardwareBuffer"
  (compilando archivo de origen "IG2Project.cpp")
      C:\Program Files\Microsoft Visual Studio\2022\Community\VC\Tools\MSVC\14.41.34120\include\memory(3335,7):
      vea la declaración de 'std::unique_ptr<Ogre::HardwareBuffer,std::default_delete<Ogre::HardwareBuffer>>'
  
C:\Users\rodri\OneDrive\Escritorio\UNI\3ro\IG2\ogre-14.3.4\ogre-14.3.4-release\sdk\include\OGRE\OgreRay.h(48,17): warning C4251: "Ogre::Ray::mOrigin": "Ogre::Vector<3,Ogre::Real>" debe tener una interfaz DLL para que la usen los clientes de "Ogre::Ray"
  (compilando archivo de origen "IG2Project.cpp")
      C:\Users\rodri\OneDrive\Escritorio\UNI\3ro\IG2\ogre-14.3.4\ogre-14.3.4-release\sdk\include\OGRE\OgreVector.h(277,28):
      vea la declaración de 'Ogre::Vector<3,Ogre::Real>'
  
C:\Users\rodri\OneDrive\Escritorio\UNI\3ro\IG2\ogre-14.3.4\ogre-14.3.4-release\sdk\include\OGRE\OgreRay.h(49,17): warning C4251: "Ogre::Ray::mDirection": "Ogre::Vector<3,Ogre::Real>" debe tener una interfaz DLL para que la usen los clientes de "Ogre::Ray"
  (compilando archivo de origen "IG2Project.cpp")
      C:\Users\rodri\OneDrive\Escritorio\UNI\3ro\IG2\ogre-14.3.4\ogre-14.3.4-release\sdk\include\OGRE\OgreVector.h(277,28):
      vea la declaración de 'Ogre::Vector<3,Ogre::Real>'
  
C:\Users\rodri\OneDrive\Escritorio\UNI\3ro\IG2\ogre-14.3.4\ogre-14.3.4-release\sdk\include\OGRE\OgreAutoParamDataSource.h(74,25): warning C4251: "Ogre::AutoParamDataSource::mCameraPosition": "Ogre::Vector<4,Ogre::Real>" debe tener una interfaz DLL para que la usen los clientes de "Ogre::AutoParamDataSource"
  (compilando archivo de origen "IG2Project.cpp")
      C:\Users\rodri\OneDrive\Escritorio\UNI\3ro\IG2\ogre-14.3.4\ogre-14.3.4-release\sdk\include\OGRE\OgreVector.h(277,28):
      vea la declaración de 'Ogre::Vector<4,Ogre::Real>'
  
C:\Users\rodri\OneDrive\Escritorio\UNI\3ro\IG2\ogre-14.3.4\ogre-14.3.4-release\sdk\include\OGRE\OgreAutoParamDataSource.h(75,25): warning C4251: "Ogre::AutoParamDataSource::mCameraPositionObjectSpace": "Ogre::Vector<4,Ogre::Real>" debe tener una interfaz DLL para que la usen los clientes de "Ogre::AutoParamDataSource"
  (compilando archivo de origen "IG2Project.cpp")
      C:\Users\rodri\OneDrive\Escritorio\UNI\3ro\IG2\ogre-14.3.4\ogre-14.3.4-release\sdk\include\OGRE\OgreVector.h(277,28):
      vea la declaración de 'Ogre::Vector<4,Ogre::Real>'
  
C:\Users\rodri\OneDrive\Escritorio\UNI\3ro\IG2\ogre-14.3.4\ogre-14.3.4-release\sdk\include\OGRE\OgreAutoParamDataSource.h(80,25): warning C4251: "Ogre::AutoParamDataSource::mShadowCamDepthRanges": "Ogre::Vector<4,Ogre::Real>" debe tener una interfaz DLL para que la usen los clientes de "Ogre::AutoParamDataSource"
  (compilando archivo de origen "IG2Project.cpp")
      C:\Users\rodri\OneDrive\Escritorio\UNI\3ro\IG2\ogre-14.3.4\ogre-14.3.4-release\sdk\include\OGRE\OgreVector.h(277,28):
      vea la declaración de 'Ogre::Vector<4,Ogre::Real>'
  
C:\Users\rodri\OneDrive\Escritorio\UNI\3ro\IG2\ogre-14.3.4\ogre-14.3.4-release\sdk\include\OGRE\OgreAutoParamDataSource.h(85,25): warning C4251: "Ogre::AutoParamDataSource::mLodCameraPosition": "Ogre::Vector<4,Ogre::Real>" debe tener una interfaz DLL para que la usen los clientes de "Ogre::AutoParamDataSource"
  (compilando archivo de origen "IG2Project.cpp")
      C:\Users\rodri\OneDrive\Escritorio\UNI\3ro\IG2\ogre-14.3.4\ogre-14.3.4-release\sdk\include\OGRE\OgreVector.h(277,28):
      vea la declaración de 'Ogre::Vector<4,Ogre::Real>'
  
C:\Users\rodri\OneDrive\Escritorio\UNI\3ro\IG2\ogre-14.3.4\ogre-14.3.4-release\sdk\include\OGRE\OgreAutoParamDataSource.h(86,25): warning C4251: "Ogre::AutoParamDataSource::mLodCameraPositionObjectSpace": "Ogre::Vector<4,Ogre::Real>" debe tener una interfaz DLL para que la usen los clientes de "Ogre::AutoParamDataSource"
  (compilando archivo de origen "IG2Project.cpp")
      C:\Users\rodri\OneDrive\Escritorio\UNI\3ro\IG2\ogre-14.3.4\ogre-14.3.4-release\sdk\include\OGRE\OgreVector.h(277,28):
      vea la declaración de 'Ogre::Vector<4,Ogre::Real>'
  
C:\Users\rodri\OneDrive\Escritorio\UNI\3ro\IG2\ogre-14.3.4\ogre-14.3.4-release\sdk\include\OGRE\OgreAutoParamDataSource.h(108,18): warning C4251: "Ogre::AutoParamDataSource::mFogParams": "Ogre::Vector<4,Ogre::Real>" debe tener una interfaz DLL para que la usen los clientes de "Ogre::AutoParamDataSource"
  (compilando archivo de origen "IG2Project.cpp")
      C:\Users\rodri\OneDrive\Escritorio\UNI\3ro\IG2\ogre-14.3.4\ogre-14.3.4-release\sdk\include\OGRE\OgreVector.h(277,28):
      vea la declaración de 'Ogre::Vector<4,Ogre::Real>'
  
C:\Users\rodri\OneDrive\Escritorio\UNI\3ro\IG2\ogre-14.3.4\ogre-14.3.4-release\sdk\include\OGRE\OgreAutoParamDataSource.h(109,18): warning C4251: "Ogre::AutoParamDataSource::mPointParams": "Ogre::Vector<4,Ogre::Real>" debe tener una interfaz DLL para que la usen los clientes de "Ogre::AutoParamDataSource"
  (compilando archivo de origen "IG2Project.cpp")
      C:\Users\rodri\OneDrive\Escritorio\UNI\3ro\IG2\ogre-14.3.4\ogre-14.3.4-release\sdk\include\OGRE\OgreVector.h(277,28):
      vea la declaración de 'Ogre::Vector<4,Ogre::Real>'
  
C:\Users\rodri\OneDrive\Escritorio\UNI\3ro\IG2\ogre-14.3.4\ogre-14.3.4-release\sdk\include\OGRE\OgreAutoParamDataSource.h(111,25): warning C4251: "Ogre::AutoParamDataSource::mSceneDepthRange": "Ogre::Vector<4,Ogre::Real>" debe tener una interfaz DLL para que la usen los clientes de "Ogre::AutoParamDataSource"
  (compilando archivo de origen "IG2Project.cpp")
      C:\Users\rodri\OneDrive\Escritorio\UNI\3ro\IG2\ogre-14.3.4\ogre-14.3.4-release\sdk\include\OGRE\OgreVector.h(277,28):
      vea la declaración de 'Ogre::Vector<4,Ogre::Real>'
  
C:\Users\rodri\OneDrive\Escritorio\UNI\3ro\IG2\ogre-14.3.4\ogre-14.3.4-release\sdk\include\OGRE\OgreAutoParamDataSource.h(119,17): warning C4251: "Ogre::AutoParamDataSource::mCameraRelativePosition": "Ogre::Vector<3,Ogre::Real>" debe tener una interfaz DLL para que la usen los clientes de "Ogre::AutoParamDataSource"
  (compilando archivo de origen "IG2Project.cpp")
      C:\Users\rodri\OneDrive\Escritorio\UNI\3ro\IG2\ogre-14.3.4\ogre-14.3.4-release\sdk\include\OGRE\OgreVector.h(277,28):
      vea la declaración de 'Ogre::Vector<3,Ogre::Real>'
  
C:\Users\rodri\OneDrive\Escritorio\UNI\3ro\IG2\ogre-14.3.4\ogre-14.3.4-release\sdk\include\OGRE\RTShaderSystem\OgreShaderSubRenderState.h(197,39): warning C4251: "Ogre::RTShader::SubRenderState::mThisAccessor": "Ogre::SharedPtr<Ogre::RTShader::SubRenderStateAccessor>" debe tener una interfaz DLL para que la usen los clientes de "Ogre::RTShader::SubRenderState"
  (compilando archivo de origen "IG2Project.cpp")
      C:\Users\rodri\OneDrive\Escritorio\UNI\3ro\IG2\ogre-14.3.4\ogre-14.3.4-release\sdk\include\OGRE\OgreSharedPtr.h(44,29):
      vea la declaración de 'Ogre::SharedPtr<Ogre::RTShader::SubRenderStateAccessor>'
  
C:\Users\rodri\OneDrive\Escritorio\UNI\3ro\IG2\ogre-14.3.4\ogre-14.3.4-release\sdk\include\OGRE\RTShaderSystem\OgreShaderSubRenderState.h(199,31): warning C4251: "Ogre::RTShader::SubRenderState::mOtherAccessor": "Ogre::SharedPtr<Ogre::RTShader::SubRenderStateAccessor>" debe tener una interfaz DLL para que la usen los clientes de "Ogre::RTShader::SubRenderState"
  (compilando archivo de origen "IG2Project.cpp")
      C:\Users\rodri\OneDrive\Escritorio\UNI\3ro\IG2\ogre-14.3.4\ogre-14.3.4-release\sdk\include\OGRE\OgreSharedPtr.h(44,29):
      vea la declaración de 'Ogre::SharedPtr<Ogre::RTShader::SubRenderStateAccessor>'
  
C:\Users\rodri\OneDrive\Escritorio\UNI\3ro\IG2\ogre-14.3.4\ogre-14.3.4-release\sdk\include\OGRE\RTShaderSystem\OgreShaderSubRenderState.h(254,31): warning C4251: "Ogre::RTShader::SubRenderStateAccessor::mSubRenderStateInstancesSet": "std::set<Ogre::RTShader::SubRenderState *,std::less<Ogre::RTShader::SubRenderState *>,std::allocator<Ogre::RTShader::SubRenderState *>>" debe tener una interfaz DLL para que la usen los clientes de "Ogre::RTShader::SubRenderStateAccessor"
  (compilando archivo de origen "IG2Project.cpp")
      C:\Program Files\Microsoft Visual Studio\2022\Community\VC\Tools\MSVC\14.41.34120\include\set(51,7):
      vea la declaración de 'std::set<Ogre::RTShader::SubRenderState *,std::less<Ogre::RTShader::SubRenderState *>,std::allocator<Ogre::RTShader::SubRenderState *>>'
  
C:\Users\rodri\OneDrive\Escritorio\UNI\3ro\IG2\ogre-14.3.4\ogre-14.3.4-release\sdk\include\OGRE\RTShaderSystem\OgreShaderSubRenderState.h(359,23): warning C4251: "Ogre::RTShader::SubRenderStateFactory::mSubRenderStateList": "std::set<Ogre::RTShader::SubRenderState *,std::less<Ogre::RTShader::SubRenderState *>,std::allocator<Ogre::RTShader::SubRenderState *>>" debe tener una interfaz DLL para que la usen los clientes de "Ogre::RTShader::SubRenderStateFactory"
  (compilando archivo de origen "IG2Project.cpp")
      C:\Program Files\Microsoft Visual Studio\2022\Community\VC\Tools\MSVC\14.41.34120\include\set(51,7):
      vea la declaración de 'std::set<Ogre::RTShader::SubRenderState *,std::less<Ogre::RTShader::SubRenderState *>,std::allocator<Ogre::RTShader::SubRenderState *>>'
  
C:\Users\rodri\OneDrive\Escritorio\UNI\3ro\IG2\ogre-14.3.4\ogre-14.3.4-release\sdk\include\OGRE\RTShaderSystem\OgreShaderProgramSet.h(69,30): warning C4251: "Ogre::RTShader::ProgramSet::mVSCpuProgram": "std::unique_ptr<Ogre::RTShader::Program,std::default_delete<Ogre::RTShader::Program>>" debe tener una interfaz DLL para que la usen los clientes de "Ogre::RTShader::ProgramSet"
  (compilando archivo de origen "IG2Project.cpp")
      C:\Program Files\Microsoft Visual Studio\2022\Community\VC\Tools\MSVC\14.41.34120\include\memory(3335,7):
      vea la declaración de 'std::unique_ptr<Ogre::RTShader::Program,std::default_delete<Ogre::RTShader::Program>>'
  
C:\Users\rodri\OneDrive\Escritorio\UNI\3ro\IG2\ogre-14.3.4\ogre-14.3.4-release\sdk\include\OGRE\RTShaderSystem\OgreShaderProgramSet.h(71,30): warning C4251: "Ogre::RTShader::ProgramSet::mPSCpuProgram": "std::unique_ptr<Ogre::RTShader::Program,std::default_delete<Ogre::RTShader::Program>>" debe tener una interfaz DLL para que la usen los clientes de "Ogre::RTShader::ProgramSet"
  (compilando archivo de origen "IG2Project.cpp")
      C:\Program Files\Microsoft Visual Studio\2022\Community\VC\Tools\MSVC\14.41.34120\include\memory(3335,7):
      vea la declaración de 'std::unique_ptr<Ogre::RTShader::Program,std::default_delete<Ogre::RTShader::Program>>'
  
C:\Users\rodri\OneDrive\Escritorio\UNI\3ro\IG2\ogre-14.3.4\ogre-14.3.4-release\sdk\include\OGRE\RTShaderSystem\OgreShaderProgramSet.h(73,19): warning C4251: "Ogre::RTShader::ProgramSet::mVSGpuProgram": "Ogre::SharedPtr<Ogre::GpuProgram>" debe tener una interfaz DLL para que la usen los clientes de "Ogre::RTShader::ProgramSet"
  (compilando archivo de origen "IG2Project.cpp")
      C:\Users\rodri\OneDrive\Escritorio\UNI\3ro\IG2\ogre-14.3.4\ogre-14.3.4-release\sdk\include\OGRE\OgreSharedPtr.h(44,29):
      vea la declaración de 'Ogre::SharedPtr<Ogre::GpuProgram>'
  
C:\Users\rodri\OneDrive\Escritorio\UNI\3ro\IG2\ogre-14.3.4\ogre-14.3.4-release\sdk\include\OGRE\RTShaderSystem\OgreShaderProgramSet.h(75,19): warning C4251: "Ogre::RTShader::ProgramSet::mPSGpuProgram": "Ogre::SharedPtr<Ogre::GpuProgram>" debe tener una interfaz DLL para que la usen los clientes de "Ogre::RTShader::ProgramSet"
  (compilando archivo de origen "IG2Project.cpp")
      C:\Users\rodri\OneDrive\Escritorio\UNI\3ro\IG2\ogre-14.3.4\ogre-14.3.4-release\sdk\include\OGRE\OgreSharedPtr.h(44,29):
      vea la declaración de 'Ogre::SharedPtr<Ogre::GpuProgram>'
  
C:\Users\rodri\OneDrive\Escritorio\UNI\3ro\IG2\ogre-14.3.4\ogre-14.3.4-release\sdk\include\OGRE\RTShaderSystem\OgreShaderRenderState.h(115,24): warning C4251: "Ogre::RTShader::RenderState::mSubRenderStateList": "std::vector<Ogre::RTShader::SubRenderState *,std::allocator<Ogre::RTShader::SubRenderState *>>" debe tener una interfaz DLL para que la usen los clientes de "Ogre::RTShader::RenderState"
  (compilando archivo de origen "IG2Project.cpp")
      C:\Program Files\Microsoft Visual Studio\2022\Community\VC\Tools\MSVC\14.41.34120\include\vector(429,7):
      vea la declaración de 'std::vector<Ogre::RTShader::SubRenderState *,std::allocator<Ogre::RTShader::SubRenderState *>>'
  
C:\Users\rodri\OneDrive\Escritorio\UNI\3ro\IG2\ogre-14.3.4\ogre-14.3.4-release\sdk\include\OGRE\RTShaderSystem\OgreShaderRenderState.h(200,33): warning C4251: "Ogre::RTShader::TargetRenderState::mProgramSet": "std::unique_ptr<Ogre::RTShader::ProgramSet,std::default_delete<Ogre::RTShader::ProgramSet>>" debe tener una interfaz DLL para que la usen los clientes de "Ogre::RTShader::TargetRenderState"
  (compilando archivo de origen "IG2Project.cpp")
      C:\Program Files\Microsoft Visual Studio\2022\Community\VC\Tools\MSVC\14.41.34120\include\memory(3335,7):
      vea la declaración de 'std::unique_ptr<Ogre::RTShader::ProgramSet,std::default_delete<Ogre::RTShader::ProgramSet>>'
  
C:\Users\rodri\OneDrive\Escritorio\UNI\3ro\IG2\ogre-14.3.4\ogre-14.3.4-release\sdk\include\OGRE\RTShaderSystem\OgreShaderGenerator.h(449,19): warning C4251: "Ogre::RTShader::ShaderGenerator::DEFAULT_SCHEME_NAME": "std::basic_string<char,std::char_traits<char>,std::allocator<char>>" debe tener una interfaz DLL para que la usen los clientes de "Ogre::RTShader::ShaderGenerator"
  (compilando archivo de origen "IG2Project.cpp")
      C:\Program Files\Microsoft Visual Studio\2022\Community\VC\Tools\MSVC\14.41.34120\include\xstring(527,7):
      vea la declaración de 'std::basic_string<char,std::char_traits<char>,std::allocator<char>>'
  
C:\Users\rodri\OneDrive\Escritorio\UNI\3ro\IG2\ogre-14.3.4\ogre-14.3.4-release\sdk\include\OGRE\RTShaderSystem\OgreShaderGenerator.h(586,23): warning C4251: "Ogre::RTShader::ShaderGenerator::SGTechnique::UserKey": "std::basic_string<char,std::char_traits<char>,std::allocator<char>>" debe tener una interfaz DLL para que la usen los clientes de "Ogre::RTShader::ShaderGenerator::SGTechnique"
  (compilando archivo de origen "IG2Project.cpp")
      C:\Program Files\Microsoft Visual Studio\2022\Community\VC\Tools\MSVC\14.41.34120\include\xstring(527,7):
      vea la declaración de 'std::basic_string<char,std::char_traits<char>,std::allocator<char>>'
  
C:\Users\rodri\OneDrive\Escritorio\UNI\3ro\IG2\ogre-14.3.4\ogre-14.3.4-release\sdk\include\OGRE\RTShaderSystem\OgreShaderGenerator.h(609,20): warning C4251: "Ogre::RTShader::ShaderGenerator::SGTechnique::mPassEntries": "std::vector<Ogre::RTShader::ShaderGenerator::SGPass *,std::allocator<Ogre::RTShader::ShaderGenerator::SGPass *>>" debe tener una interfaz DLL para que la usen los clientes de "Ogre::RTShader::ShaderGenerator::SGTechnique"
  (compilando archivo de origen "IG2Project.cpp")
      C:\Program Files\Microsoft Visual Studio\2022\Community\VC\Tools\MSVC\14.41.34120\include\vector(429,7):
      vea la declaración de 'std::vector<Ogre::RTShader::ShaderGenerator::SGPass *,std::allocator<Ogre::RTShader::ShaderGenerator::SGPass *>>'
  
C:\Users\rodri\OneDrive\Escritorio\UNI\3ro\IG2\ogre-14.3.4\ogre-14.3.4-release\sdk\include\OGRE\RTShaderSystem\OgreShaderGenerator.h(612,25): warning C4251: "Ogre::RTShader::ShaderGenerator::SGTechnique::mCustomRenderStates": "std::vector<Ogre::RTShader::RenderState *,std::allocator<Ogre::RTShader::RenderState *>>" debe tener una interfaz DLL para que la usen los clientes de "Ogre::RTShader::ShaderGenerator::SGTechnique"
  (compilando archivo de origen "IG2Project.cpp")
      C:\Program Files\Microsoft Visual Studio\2022\Community\VC\Tools\MSVC\14.41.34120\include\vector(429,7):
      vea la declaración de 'std::vector<Ogre::RTShader::RenderState *,std::allocator<Ogre::RTShader::RenderState *>>'
  
C:\Users\rodri\OneDrive\Escritorio\UNI\3ro\IG2\ogre-14.3.4\ogre-14.3.4-release\sdk\include\OGRE\RTShaderSystem\OgreShaderGenerator.h(616,16): warning C4251: "Ogre::RTShader::ShaderGenerator::SGTechnique::mDstTechniqueSchemeName": "std::basic_string<char,std::char_traits<char>,std::allocator<char>>" debe tener una interfaz DLL para que la usen los clientes de "Ogre::RTShader::ShaderGenerator::SGTechnique"
  (compilando archivo de origen "IG2Project.cpp")
      C:\Program Files\Microsoft Visual Studio\2022\Community\VC\Tools\MSVC\14.41.34120\include\xstring(527,7):
      vea la declaración de 'std::basic_string<char,std::char_traits<char>,std::allocator<char>>'
  
C:\Users\rodri\OneDrive\Escritorio\UNI\3ro\IG2\ogre-14.3.4\ogre-14.3.4-release\sdk\include\OGRE\RTShaderSystem\OgreShaderGenerator.h(644,16): warning C4251: "Ogre::RTShader::ShaderGenerator::SGMaterial::mName": "std::basic_string<char,std::char_traits<char>,std::allocator<char>>" debe tener una interfaz DLL para que la usen los clientes de "Ogre::RTShader::ShaderGenerator::SGMaterial"
  (compilando archivo de origen "IG2Project.cpp")
      C:\Program Files\Microsoft Visual Studio\2022\Community\VC\Tools\MSVC\14.41.34120\include\xstring(527,7):
      vea la declaración de 'std::basic_string<char,std::char_traits<char>,std::allocator<char>>'
  
C:\Users\rodri\OneDrive\Escritorio\UNI\3ro\IG2\ogre-14.3.4\ogre-14.3.4-release\sdk\include\OGRE\RTShaderSystem\OgreShaderGenerator.h(646,16): warning C4251: "Ogre::RTShader::ShaderGenerator::SGMaterial::mGroup": "std::basic_string<char,std::char_traits<char>,std::allocator<char>>" debe tener una interfaz DLL para que la usen los clientes de "Ogre::RTShader::ShaderGenerator::SGMaterial"
  (compilando archivo de origen "IG2Project.cpp")
      C:\Program Files\Microsoft Visual Studio\2022\Community\VC\Tools\MSVC\14.41.34120\include\xstring(527,7):
      vea la declaración de 'std::basic_string<char,std::char_traits<char>,std::allocator<char>>'
  
C:\Users\rodri\OneDrive\Escritorio\UNI\3ro\IG2\ogre-14.3.4\ogre-14.3.4-release\sdk\include\OGRE\RTShaderSystem\OgreShaderGenerator.h(648,25): warning C4251: "Ogre::RTShader::ShaderGenerator::SGMaterial::mTechniqueEntries": "std::vector<Ogre::RTShader::ShaderGenerator::SGTechnique *,std::allocator<Ogre::RTShader::ShaderGenerator::SGTechnique *>>" debe tener una interfaz DLL para que la usen los clientes de "Ogre::RTShader::ShaderGenerator::SGMaterial"
  (compilando archivo de origen "IG2Project.cpp")
      C:\Program Files\Microsoft Visual Studio\2022\Community\VC\Tools\MSVC\14.41.34120\include\vector(429,7):
      vea la declaración de 'std::vector<Ogre::RTShader::ShaderGenerator::SGTechnique *,std::allocator<Ogre::RTShader::ShaderGenerator::SGTechnique *>>'
  
C:\Users\rodri\OneDrive\Escritorio\UNI\3ro\IG2\ogre-14.3.4\ogre-14.3.4-release\sdk\include\OGRE\RTShaderSystem\OgreShaderGenerator.h(721,16): warning C4251: "Ogre::RTShader::ShaderGenerator::SGScheme::mName": "std::basic_string<char,std::char_traits<char>,std::allocator<char>>" debe tener una interfaz DLL para que la usen los clientes de "Ogre::RTShader::ShaderGenerator::SGScheme"
  (compilando archivo de origen "IG2Project.cpp")
      C:\Program Files\Microsoft Visual Studio\2022\Community\VC\Tools\MSVC\14.41.34120\include\xstring(527,7):
      vea la declaración de 'std::basic_string<char,std::char_traits<char>,std::allocator<char>>'
  
C:\Users\rodri\OneDrive\Escritorio\UNI\3ro\IG2\ogre-14.3.4\ogre-14.3.4-release\sdk\include\OGRE\RTShaderSystem\OgreShaderGenerator.h(723,25): warning C4251: "Ogre::RTShader::ShaderGenerator::SGScheme::mTechniqueEntries": "std::vector<Ogre::RTShader::ShaderGenerator::SGTechnique *,std::allocator<Ogre::RTShader::ShaderGenerator::SGTechnique *>>" debe tener una interfaz DLL para que la usen los clientes de "Ogre::RTShader::ShaderGenerator::SGScheme"
  (compilando archivo de origen "IG2Project.cpp")
      C:\Program Files\Microsoft Visual Studio\2022\Community\VC\Tools\MSVC\14.41.34120\include\vector(429,7):
      vea la declaración de 'std::vector<Ogre::RTShader::ShaderGenerator::SGTechnique *,std::allocator<Ogre::RTShader::ShaderGenerator::SGTechnique *>>'
  
C:\Users\rodri\OneDrive\Escritorio\UNI\3ro\IG2\ogre-14.3.4\ogre-14.3.4-release\sdk\include\OGRE\RTShaderSystem\OgreShaderGenerator.h(727,38): warning C4251: "Ogre::RTShader::ShaderGenerator::SGScheme::mRenderState": "std::unique_ptr<Ogre::RTShader::RenderState,std::default_delete<Ogre::RTShader::RenderState>>" debe tener una interfaz DLL para que la usen los clientes de "Ogre::RTShader::ShaderGenerator::SGScheme"
  (compilando archivo de origen "IG2Project.cpp")
      C:\Program Files\Microsoft Visual Studio\2022\Community\VC\Tools\MSVC\14.41.34120\include\memory(3335,7):
      vea la declaración de 'std::unique_ptr<Ogre::RTShader::RenderState,std::default_delete<Ogre::RTShader::RenderState>>'
  
C:\Users\rodri\OneDrive\Escritorio\UNI\3ro\IG2\ogre-14.3.4\ogre-14.3.4-release\sdk\include\OGRE\RTShaderSystem\OgreShaderGenerator.h(818,21): warning C4251: "Ogre::RTShader::ShaderGenerator::mSceneManagerMap": "std::set<Ogre::SceneManager *,std::less<Ogre::SceneManager *>,std::allocator<Ogre::SceneManager *>>" debe tener una interfaz DLL para que la usen los clientes de "Ogre::RTShader::ShaderGenerator"
  (compilando archivo de origen "IG2Project.cpp")
      C:\Program Files\Microsoft Visual Studio\2022\Community\VC\Tools\MSVC\14.41.34120\include\set(51,7):
      vea la declaración de 'std::set<Ogre::SceneManager *,std::less<Ogre::SceneManager *>,std::allocator<Ogre::SceneManager *>>'
  
C:\Users\rodri\OneDrive\Escritorio\UNI\3ro\IG2\ogre-14.3.4\ogre-14.3.4-release\sdk\include\OGRE\RTShaderSystem\OgreShaderGenerator.h(820,45): warning C4251: "Ogre::RTShader::ShaderGenerator::mRenderObjectListener": "std::unique_ptr<Ogre::RTShader::SGRenderObjectListener,std::default_delete<Ogre::RTShader::SGRenderObjectListener>>" debe tener una interfaz DLL para que la usen los clientes de "Ogre::RTShader::ShaderGenerator"
  (compilando archivo de origen "IG2Project.cpp")
      C:\Program Files\Microsoft Visual Studio\2022\Community\VC\Tools\MSVC\14.41.34120\include\memory(3335,7):
      vea la declaración de 'std::unique_ptr<Ogre::RTShader::SGRenderObjectListener,std::default_delete<Ogre::RTShader::SGRenderObjectListener>>'
  
C:\Users\rodri\OneDrive\Escritorio\UNI\3ro\IG2\ogre-14.3.4\ogre-14.3.4-release\sdk\include\OGRE\RTShaderSystem\OgreShaderGenerator.h(822,45): warning C4251: "Ogre::RTShader::ShaderGenerator::mSceneManagerListener": "std::unique_ptr<Ogre::RTShader::SGSceneManagerListener,std::default_delete<Ogre::RTShader::SGSceneManagerListener>>" debe tener una interfaz DLL para que la usen los clientes de "Ogre::RTShader::ShaderGenerator"
  (compilando archivo de origen "IG2Project.cpp")
      C:\Program Files\Microsoft Visual Studio\2022\Community\VC\Tools\MSVC\14.41.34120\include\memory(3335,7):
      vea la declaración de 'std::unique_ptr<Ogre::RTShader::SGSceneManagerListener,std::default_delete<Ogre::RTShader::SGSceneManagerListener>>'
  
C:\Users\rodri\OneDrive\Escritorio\UNI\3ro\IG2\ogre-14.3.4\ogre-14.3.4-release\sdk\include\OGRE\RTShaderSystem\OgreShaderGenerator.h(824,48): warning C4251: "Ogre::RTShader::ShaderGenerator::mScriptTranslatorManager": "std::unique_ptr<Ogre::RTShader::SGScriptTranslatorManager,std::default_delete<Ogre::RTShader::SGScriptTranslatorManager>>" debe tener una interfaz DLL para que la usen los clientes de "Ogre::RTShader::ShaderGenerator"
  (compilando archivo de origen "IG2Project.cpp")
      C:\Program Files\Microsoft Visual Studio\2022\Community\VC\Tools\MSVC\14.41.34120\include\memory(3335,7):
      vea la declaración de 'std::unique_ptr<Ogre::RTShader::SGScriptTranslatorManager,std::default_delete<Ogre::RTShader::SGScriptTranslatorManager>>'
  
C:\Users\rodri\OneDrive\Escritorio\UNI\3ro\IG2\ogre-14.3.4\ogre-14.3.4-release\sdk\include\OGRE\RTShaderSystem\OgreShaderGenerator.h(826,51): warning C4251: "Ogre::RTShader::ShaderGenerator::mMaterialSerializerListener": "std::unique_ptr<Ogre::RTShader::SGMaterialSerializerListener,std::default_delete<Ogre::RTShader::SGMaterialSerializerListener>>" debe tener una interfaz DLL para que la usen los clientes de "Ogre::RTShader::ShaderGenerator"
  (compilando archivo de origen "IG2Project.cpp")
      C:\Program Files\Microsoft Visual Studio\2022\Community\VC\Tools\MSVC\14.41.34120\include\memory(3335,7):
      vea la declaración de 'std::unique_ptr<Ogre::RTShader::SGMaterialSerializerListener,std::default_delete<Ogre::RTShader::SGMaterialSerializerListener>>'
  
C:\Users\rodri\OneDrive\Escritorio\UNI\3ro\IG2\ogre-14.3.4\ogre-14.3.4-release\sdk\include\OGRE\RTShaderSystem\OgreShaderGenerator.h(828,46): warning C4251: "Ogre::RTShader::ShaderGenerator::mResourceGroupListener": "std::unique_ptr<Ogre::RTShader::SGResourceGroupListener,std::default_delete<Ogre::RTShader::SGResourceGroupListener>>" debe tener una interfaz DLL para que la usen los clientes de "Ogre::RTShader::ShaderGenerator"
  (compilando archivo de origen "IG2Project.cpp")
      C:\Program Files\Microsoft Visual Studio\2022\Community\VC\Tools\MSVC\14.41.34120\include\memory(3335,7):
      vea la declaración de 'std::unique_ptr<Ogre::RTShader::SGResourceGroupListener,std::default_delete<Ogre::RTShader::SGResourceGroupListener>>'
  
C:\Users\rodri\OneDrive\Escritorio\UNI\3ro\IG2\ogre-14.3.4\ogre-14.3.4-release\sdk\include\OGRE\RTShaderSystem\OgreShaderGenerator.h(832,12): warning C4251: "Ogre::RTShader::ShaderGenerator::mShaderLanguage": "std::basic_string<char,std::char_traits<char>,std::allocator<char>>" debe tener una interfaz DLL para que la usen los clientes de "Ogre::RTShader::ShaderGenerator"
  (compilando archivo de origen "IG2Project.cpp")
      C:\Program Files\Microsoft Visual Studio\2022\Community\VC\Tools\MSVC\14.41.34120\include\xstring(527,7):
      vea la declaración de 'std::basic_string<char,std::char_traits<char>,std::allocator<char>>'
  
C:\Users\rodri\OneDrive\Escritorio\UNI\3ro\IG2\ogre-14.3.4\ogre-14.3.4-release\sdk\include\OGRE\RTShaderSystem\OgreShaderGenerator.h(834,12): warning C4251: "Ogre::RTShader::ShaderGenerator::mVertexShaderProfiles": "std::basic_string<char,std::char_traits<char>,std::allocator<char>>" debe tener una interfaz DLL para que la usen los clientes de "Ogre::RTShader::ShaderGenerator"
  (compilando archivo de origen "IG2Project.cpp")
      C:\Program Files\Microsoft Visual Studio\2022\Community\VC\Tools\MSVC\14.41.34120\include\xstring(527,7):
      vea la declaración de 'std::basic_string<char,std::char_traits<char>,std::allocator<char>>'
  
C:\Users\rodri\OneDrive\Escritorio\UNI\3ro\IG2\ogre-14.3.4\ogre-14.3.4-release\sdk\include\OGRE\RTShaderSystem\OgreShaderGenerator.h(836,12): warning C4251: "Ogre::RTShader::ShaderGenerator::mFragmentShaderProfiles": "std::basic_string<char,std::char_traits<char>,std::allocator<char>>" debe tener una interfaz DLL para que la usen los clientes de "Ogre::RTShader::ShaderGenerator"
  (compilando archivo de origen "IG2Project.cpp")
      C:\Program Files\Microsoft Visual Studio\2022\Community\VC\Tools\MSVC\14.41.34120\include\xstring(527,7):
      vea la declaración de 'std::basic_string<char,std::char_traits<char>,std::allocator<char>>'
  
C:\Users\rodri\OneDrive\Escritorio\UNI\3ro\IG2\ogre-14.3.4\ogre-14.3.4-release\sdk\include\OGRE\RTShaderSystem\OgreShaderGenerator.h(838,12): warning C4251: "Ogre::RTShader::ShaderGenerator::mShaderCachePath": "std::basic_string<char,std::char_traits<char>,std::allocator<char>>" debe tener una interfaz DLL para que la usen los clientes de "Ogre::RTShader::ShaderGenerator"
  (compilando archivo de origen "IG2Project.cpp")
      C:\Program Files\Microsoft Visual Studio\2022\Community\VC\Tools\MSVC\14.41.34120\include\xstring(527,7):
      vea la declaración de 'std::basic_string<char,std::char_traits<char>,std::allocator<char>>'
  
C:\Users\rodri\OneDrive\Escritorio\UNI\3ro\IG2\ogre-14.3.4\ogre-14.3.4-release\sdk\include\OGRE\RTShaderSystem\OgreShaderGenerator.h(840,37): warning C4251: "Ogre::RTShader::ShaderGenerator::mProgramManager": "std::unique_ptr<Ogre::RTShader::ProgramManager,std::default_delete<Ogre::RTShader::ProgramManager>>" debe tener una interfaz DLL para que la usen los clientes de "Ogre::RTShader::ShaderGenerator"
  (compilando archivo de origen "IG2Project.cpp")
      C:\Program Files\Microsoft Visual Studio\2022\Community\VC\Tools\MSVC\14.41.34120\include\memory(3335,7):
      vea la declaración de 'std::unique_ptr<Ogre::RTShader::ProgramManager,std::default_delete<Ogre::RTShader::ProgramManager>>'
  
C:\Users\rodri\OneDrive\Escritorio\UNI\3ro\IG2\ogre-14.3.4\ogre-14.3.4-release\sdk\include\OGRE\RTShaderSystem\OgreShaderGenerator.h(842,43): warning C4251: "Ogre::RTShader::ShaderGenerator::mProgramWriterManager": "std::unique_ptr<Ogre::RTShader::ProgramWriterManager,std::default_delete<Ogre::RTShader::ProgramWriterManager>>" debe tener una interfaz DLL para que la usen los clientes de "Ogre::RTShader::ShaderGenerator"
  (compilando archivo de origen "IG2Project.cpp")
      C:\Program Files\Microsoft Visual Studio\2022\Community\VC\Tools\MSVC\14.41.34120\include\memory(3335,7):
      vea la declaración de 'std::unique_ptr<Ogre::RTShader::ProgramWriterManager,std::default_delete<Ogre::RTShader::ProgramWriterManager>>'
  
C:\Users\rodri\OneDrive\Escritorio\UNI\3ro\IG2\ogre-14.3.4\ogre-14.3.4-release\sdk\include\OGRE\RTShaderSystem\OgreShaderGenerator.h(846,19): warning C4251: "Ogre::RTShader::ShaderGenerator::mMaterialEntriesMap": "std::map<Ogre::RTShader::ShaderGenerator::MatGroupPair,Ogre::RTShader::ShaderGenerator::SGMaterial *,Ogre::RTShader::ShaderGenerator::MatGroupPair_less,std::allocator<std::pair<const Ogre::RTShader::ShaderGenerator::MatGroupPair,Ogre::RTShader::ShaderGenerator::SGMaterial *>>>" debe tener una interfaz DLL para que la usen los clientes de "Ogre::RTShader::ShaderGenerator"
  (compilando archivo de origen "IG2Project.cpp")
      C:\Program Files\Microsoft Visual Studio\2022\Community\VC\Tools\MSVC\14.41.34120\include\map(72,7):
      vea la declaración de 'std::map<Ogre::RTShader::ShaderGenerator::MatGroupPair,Ogre::RTShader::ShaderGenerator::SGMaterial *,Ogre::RTShader::ShaderGenerator::MatGroupPair_less,std::allocator<std::pair<const Ogre::RTShader::ShaderGenerator::MatGroupPair,Ogre::RTShader::ShaderGenerator::SGMaterial *>>>'
  
C:\Users\rodri\OneDrive\Escritorio\UNI\3ro\IG2\ogre-14.3.4\ogre-14.3.4-release\sdk\include\OGRE\RTShaderSystem\OgreShaderGenerator.h(848,17): warning C4251: "Ogre::RTShader::ShaderGenerator::mSchemeEntriesMap": "std::map<Ogre::String,Ogre::RTShader::ShaderGenerator::SGScheme *,std::less<Ogre::String>,std::allocator<std::pair<const Ogre::String,Ogre::RTShader::ShaderGenerator::SGScheme *>>>" debe tener una interfaz DLL para que la usen los clientes de "Ogre::RTShader::ShaderGenerator"
  (compilando archivo de origen "IG2Project.cpp")
      C:\Program Files\Microsoft Visual Studio\2022\Community\VC\Tools\MSVC\14.41.34120\include\map(72,7):
      vea la declaración de 'std::map<Ogre::String,Ogre::RTShader::ShaderGenerator::SGScheme *,std::less<Ogre::String>,std::allocator<std::pair<const Ogre::String,Ogre::RTShader::ShaderGenerator::SGScheme *>>>'
  
C:\Users\rodri\OneDrive\Escritorio\UNI\3ro\IG2\ogre-14.3.4\ogre-14.3.4-release\sdk\include\OGRE\RTShaderSystem\OgreShaderGenerator.h(850,20): warning C4251: "Ogre::RTShader::ShaderGenerator::mTechniqueEntriesMap": "std::map<Ogre::RTShader::ShaderGenerator::SGTechnique *,Ogre::RTShader::ShaderGenerator::SGTechnique *,std::less<Ogre::RTShader::ShaderGenerator::SGTechnique *>,std::allocator<std::pair<Ogre::RTShader::ShaderGenerator::SGTechnique *const ,Ogre::RTShader::ShaderGenerator::SGTechnique *>>>" debe tener una interfaz DLL para que la usen los clientes de "Ogre::RTShader::ShaderGenerator"
  (compilando archivo de origen "IG2Project.cpp")
      C:\Program Files\Microsoft Visual Studio\2022\Community\VC\Tools\MSVC\14.41.34120\include\map(72,7):
      vea la declaración de 'std::map<Ogre::RTShader::ShaderGenerator::SGTechnique *,Ogre::RTShader::ShaderGenerator::SGTechnique *,std::less<Ogre::RTShader::ShaderGenerator::SGTechnique *>,std::allocator<std::pair<Ogre::RTShader::ShaderGenerator::SGTechnique *const ,Ogre::RTShader::ShaderGenerator::SGTechnique *>>>'
  
C:\Users\rodri\OneDrive\Escritorio\UNI\3ro\IG2\ogre-14.3.4\ogre-14.3.4-release\sdk\include\OGRE\RTShaderSystem\OgreShaderGenerator.h(852,30): warning C4251: "Ogre::RTShader::ShaderGenerator::mSubRenderStateFactories": "std::map<Ogre::String,Ogre::RTShader::SubRenderStateFactory *,std::less<Ogre::String>,std::allocator<std::pair<const Ogre::String,Ogre::RTShader::SubRenderStateFactory *>>>" debe tener una interfaz DLL para que la usen los clientes de "Ogre::RTShader::ShaderGenerator"
  (compilando archivo de origen "IG2Project.cpp")
      C:\Program Files\Microsoft Visual Studio\2022\Community\VC\Tools\MSVC\14.41.34120\include\map(72,7):
      vea la declaración de 'std::map<Ogre::String,Ogre::RTShader::SubRenderStateFactory *,std::less<Ogre::String>,std::allocator<std::pair<const Ogre::String,Ogre::RTShader::SubRenderStateFactory *>>>'
  
C:\Users\rodri\OneDrive\Escritorio\UNI\3ro\IG2\ogre-14.3.4\ogre-14.3.4-release\sdk\include\OGRE\RTShaderSystem\OgreShaderGenerator.h(854,41): warning C4251: "Ogre::RTShader::ShaderGenerator::mBuiltinSRSFactories": "std::vector<Ogre::RTShader::SubRenderStateFactory *,std::allocator<Ogre::RTShader::SubRenderStateFactory *>>" debe tener una interfaz DLL para que la usen los clientes de "Ogre::RTShader::ShaderGenerator"
  (compilando archivo de origen "IG2Project.cpp")
      C:\Program Files\Microsoft Visual Studio\2022\Community\VC\Tools\MSVC\14.41.34120\include\vector(429,7):
      vea la declaración de 'std::vector<Ogre::RTShader::SubRenderStateFactory *,std::allocator<Ogre::RTShader::SubRenderStateFactory *>>'
  
C:\Users\rodri\OneDrive\Escritorio\UNI\3ro\IG2\ogre-14.3.4\ogre-14.3.4-release\sdk\include\OGRE\RTShaderSystem\OgreShaderFunctionAtom.h(145,18): warning C4251: "Ogre::RTShader::Operand::mParameter": "std::shared_ptr<Ogre::RTShader::Parameter>" debe tener una interfaz DLL para que la usen los clientes de "Ogre::RTShader::Operand"
  (compilando archivo de origen "IG2Project.cpp")
      C:\Program Files\Microsoft Visual Studio\2022\Community\VC\Tools\MSVC\14.41.34120\include\memory(1560,7):
      vea la declaración de 'std::shared_ptr<Ogre::RTShader::Parameter>'
  
C:\Users\rodri\OneDrive\Escritorio\UNI\3ro\IG2\ogre-14.3.4\ogre-14.3.4-release\sdk\include\OGRE\RTShaderSystem\OgreShaderFunctionAtom.h(185,60): warning C4244: 'argumento': conversión de 'int' a 'float'; posible pérdida de datos
  (compilando archivo de origen "IG2Project.cpp")
  
C:\Users\rodri\OneDrive\Escritorio\UNI\3ro\IG2\ogre-14.3.4\ogre-14.3.4-release\sdk\include\OGRE\RTShaderSystem\OgreShaderFunctionAtom.h(227,19): warning C4251: "Ogre::RTShader::FunctionAtom::mOperands": "std::vector<Ogre::RTShader::Operand,std::allocator<Ogre::RTShader::Operand>>" debe tener una interfaz DLL para que la usen los clientes de "Ogre::RTShader::FunctionAtom"
  (compilando archivo de origen "IG2Project.cpp")
      C:\Program Files\Microsoft Visual Studio\2022\Community\VC\Tools\MSVC\14.41.34120\include\vector(429,7):
      vea la declaración de 'std::vector<Ogre::RTShader::Operand,std::allocator<Ogre::RTShader::Operand>>'
  
C:\Users\rodri\OneDrive\Escritorio\UNI\3ro\IG2\ogre-14.3.4\ogre-14.3.4-release\sdk\include\OGRE\RTShaderSystem\OgreShaderFunctionAtom.h(228,12): warning C4251: "Ogre::RTShader::FunctionAtom::mFunctionName": "std::basic_string<char,std::char_traits<char>,std::allocator<char>>" debe tener una interfaz DLL para que la usen los clientes de "Ogre::RTShader::FunctionAtom"
  (compilando archivo de origen "IG2Project.cpp")
      C:\Program Files\Microsoft Visual Studio\2022\Community\VC\Tools\MSVC\14.41.34120\include\xstring(527,7):
      vea la declaración de 'std::basic_string<char,std::char_traits<char>,std::allocator<char>>'
  
C:\Users\rodri\OneDrive\Escritorio\UNI\3ro\IG2\ogre-14.3.4\ogre-14.3.4-release\sdk\include\OGRE\RTShaderSystem\OgreShaderFunctionAtom.h(286,12): warning C4251: "Ogre::RTShader::FunctionInvocation::mReturnType": "std::basic_string<char,std::char_traits<char>,std::allocator<char>>" debe tener una interfaz DLL para que la usen los clientes de "Ogre::RTShader::FunctionInvocation"
  (compilando archivo de origen "IG2Project.cpp")
      C:\Program Files\Microsoft Visual Studio\2022\Community\VC\Tools\MSVC\14.41.34120\include\xstring(527,7):
      vea la declaración de 'std::basic_string<char,std::char_traits<char>,std::allocator<char>>'
  
C:\Users\rodri\OneDrive\Escritorio\UNI\3ro\IG2\ogre-14.3.4\ogre-14.3.4-release\sdk\include\OGRE\RTShaderSystem\OgreShaderFunction.h(276,25): warning C4251: "Ogre::RTShader::Function::mInputParameters": "std::vector<Ogre::RTShader::ParameterPtr,std::allocator<Ogre::RTShader::ParameterPtr>>" debe tener una interfaz DLL para que la usen los clientes de "Ogre::RTShader::Function"
  (compilando archivo de origen "IG2Project.cpp")
      C:\Program Files\Microsoft Visual Studio\2022\Community\VC\Tools\MSVC\14.41.34120\include\vector(429,7):
      vea la declaración de 'std::vector<Ogre::RTShader::ParameterPtr,std::allocator<Ogre::RTShader::ParameterPtr>>'
  
C:\Users\rodri\OneDrive\Escritorio\UNI\3ro\IG2\ogre-14.3.4\ogre-14.3.4-release\sdk\include\OGRE\RTShaderSystem\OgreShaderFunction.h(278,25): warning C4251: "Ogre::RTShader::Function::mOutputParameters": "std::vector<Ogre::RTShader::ParameterPtr,std::allocator<Ogre::RTShader::ParameterPtr>>" debe tener una interfaz DLL para que la usen los clientes de "Ogre::RTShader::Function"
  (compilando archivo de origen "IG2Project.cpp")
      C:\Program Files\Microsoft Visual Studio\2022\Community\VC\Tools\MSVC\14.41.34120\include\vector(429,7):
      vea la declaración de 'std::vector<Ogre::RTShader::ParameterPtr,std::allocator<Ogre::RTShader::ParameterPtr>>'
  
C:\Users\rodri\OneDrive\Escritorio\UNI\3ro\IG2\ogre-14.3.4\ogre-14.3.4-release\sdk\include\OGRE\RTShaderSystem\OgreShaderFunction.h(280,25): warning C4251: "Ogre::RTShader::Function::mLocalParameters": "std::vector<Ogre::RTShader::ParameterPtr,std::allocator<Ogre::RTShader::ParameterPtr>>" debe tener una interfaz DLL para que la usen los clientes de "Ogre::RTShader::Function"
  (compilando archivo de origen "IG2Project.cpp")
      C:\Program Files\Microsoft Visual Studio\2022\Community\VC\Tools\MSVC\14.41.34120\include\vector(429,7):
      vea la declaración de 'std::vector<Ogre::RTShader::ParameterPtr,std::allocator<Ogre::RTShader::ParameterPtr>>'
  
C:\Users\rodri\OneDrive\Escritorio\UNI\3ro\IG2\ogre-14.3.4\ogre-14.3.4-release\sdk\include\OGRE\RTShaderSystem\OgreShaderFunction.h(282,48): warning C4251: "Ogre::RTShader::Function::mAtomInstances": "std::map<size_t,Ogre::RTShader::FunctionAtomInstanceList,std::less<size_t>,std::allocator<std::pair<const size_t,Ogre::RTShader::FunctionAtomInstanceList>>>" debe tener una interfaz DLL para que la usen los clientes de "Ogre::RTShader::Function"
  (compilando archivo de origen "IG2Project.cpp")
      C:\Program Files\Microsoft Visual Studio\2022\Community\VC\Tools\MSVC\14.41.34120\include\map(72,7):
      vea la declaración de 'std::map<size_t,Ogre::RTShader::FunctionAtomInstanceList,std::less<size_t>,std::allocator<std::pair<const size_t,Ogre::RTShader::FunctionAtomInstanceList>>>'
  
C:\Users\rodri\OneDrive\Escritorio\UNI\3ro\IG2\ogre-14.3.4\ogre-14.3.4-release\sdk\include\OGRE\RTShaderSystem\OgreShaderFunction.h(283,30): warning C4251: "Ogre::RTShader::Function::mSortedAtomInstances": "std::vector<Ogre::RTShader::FunctionAtom *,std::allocator<Ogre::RTShader::FunctionAtom *>>" debe tener una interfaz DLL para que la usen los clientes de "Ogre::RTShader::Function"
  (compilando archivo de origen "IG2Project.cpp")
      C:\Program Files\Microsoft Visual Studio\2022\Community\VC\Tools\MSVC\14.41.34120\include\vector(429,7):
      vea la declaración de 'std::vector<Ogre::RTShader::FunctionAtom *,std::allocator<Ogre::RTShader::FunctionAtom *>>'
  
C:\Users\rodri\OneDrive\Escritorio\UNI\3ro\IG2\ogre-14.3.4\ogre-14.3.4-release\sdk\include\OGRE\RTShaderSystem\OgreShaderFFPTexturing.h(82,19): warning C4251: "Ogre::RTShader::FFPTexturing::Type": "std::basic_string<char,std::char_traits<char>,std::allocator<char>>" debe tener una interfaz DLL para que la usen los clientes de "Ogre::RTShader::FFPTexturing"
  (compilando archivo de origen "IG2Project.cpp")
      C:\Program Files\Microsoft Visual Studio\2022\Community\VC\Tools\MSVC\14.41.34120\include\xstring(527,7):
      vea la declaración de 'std::basic_string<char,std::char_traits<char>,std::allocator<char>>'
  
C:\Users\rodri\OneDrive\Escritorio\UNI\3ro\IG2\ogre-14.3.4\ogre-14.3.4-release\sdk\include\OGRE\RTShaderSystem\OgreShaderFFPTexturing.h(196,27): warning C4251: "Ogre::RTShader::FFPTexturing::mTextureUnitParamsList": "std::vector<Ogre::RTShader::FFPTexturing::TextureUnitParams,std::allocator<Ogre::RTShader::FFPTexturing::TextureUnitParams>>" debe tener una interfaz DLL para que la usen los clientes de "Ogre::RTShader::FFPTexturing"
  (compilando archivo de origen "IG2Project.cpp")
      C:\Program Files\Microsoft Visual Studio\2022\Community\VC\Tools\MSVC\14.41.34120\include\vector(429,7):
      vea la declaración de 'std::vector<Ogre::RTShader::FFPTexturing::TextureUnitParams,std::allocator<Ogre::RTShader::FFPTexturing::TextureUnitParams>>'
  
C:\Users\rodri\OneDrive\Escritorio\UNI\3ro\IG2\ogre-14.3.4\ogre-14.3.4-release\sdk\include\OGRE\RTShaderSystem\OgreShaderFFPTexturing.h(198,25): warning C4251: "Ogre::RTShader::FFPTexturing::mWorldMatrix": "std::shared_ptr<Ogre::RTShader::UniformParameter>" debe tener una interfaz DLL para que la usen los clientes de "Ogre::RTShader::FFPTexturing"
  (compilando archivo de origen "IG2Project.cpp")
      C:\Program Files\Microsoft Visual Studio\2022\Community\VC\Tools\MSVC\14.41.34120\include\memory(1560,7):
      vea la declaración de 'std::shared_ptr<Ogre::RTShader::UniformParameter>'
  
C:\Users\rodri\OneDrive\Escritorio\UNI\3ro\IG2\ogre-14.3.4\ogre-14.3.4-release\sdk\include\OGRE\RTShaderSystem\OgreShaderFFPTexturing.h(200,25): warning C4251: "Ogre::RTShader::FFPTexturing::mWorldITMatrix": "std::shared_ptr<Ogre::RTShader::UniformParameter>" debe tener una interfaz DLL para que la usen los clientes de "Ogre::RTShader::FFPTexturing"
  (compilando archivo de origen "IG2Project.cpp")
      C:\Program Files\Microsoft Visual Studio\2022\Community\VC\Tools\MSVC\14.41.34120\include\memory(1560,7):
      vea la declaración de 'std::shared_ptr<Ogre::RTShader::UniformParameter>'
  
C:\Users\rodri\OneDrive\Escritorio\UNI\3ro\IG2\ogre-14.3.4\ogre-14.3.4-release\sdk\include\OGRE\RTShaderSystem\OgreShaderFFPTexturing.h(202,25): warning C4251: "Ogre::RTShader::FFPTexturing::mViewMatrix": "std::shared_ptr<Ogre::RTShader::UniformParameter>" debe tener una interfaz DLL para que la usen los clientes de "Ogre::RTShader::FFPTexturing"
  (compilando archivo de origen "IG2Project.cpp")
      C:\Program Files\Microsoft Visual Studio\2022\Community\VC\Tools\MSVC\14.41.34120\include\memory(1560,7):
      vea la declaración de 'std::shared_ptr<Ogre::RTShader::UniformParameter>'
  
C:\Users\rodri\OneDrive\Escritorio\UNI\3ro\IG2\ogre-14.3.4\ogre-14.3.4-release\sdk\include\OGRE\RTShaderSystem\OgreShaderFFPTexturing.h(204,18): warning C4251: "Ogre::RTShader::FFPTexturing::mVSInputNormal": "std::shared_ptr<Ogre::RTShader::Parameter>" debe tener una interfaz DLL para que la usen los clientes de "Ogre::RTShader::FFPTexturing"
  (compilando archivo de origen "IG2Project.cpp")
      C:\Program Files\Microsoft Visual Studio\2022\Community\VC\Tools\MSVC\14.41.34120\include\memory(1560,7):
      vea la declaración de 'std::shared_ptr<Ogre::RTShader::Parameter>'
  
C:\Users\rodri\OneDrive\Escritorio\UNI\3ro\IG2\ogre-14.3.4\ogre-14.3.4-release\sdk\include\OGRE\RTShaderSystem\OgreShaderFFPTexturing.h(206,18): warning C4251: "Ogre::RTShader::FFPTexturing::mVSInputPos": "std::shared_ptr<Ogre::RTShader::Parameter>" debe tener una interfaz DLL para que la usen los clientes de "Ogre::RTShader::FFPTexturing"
  (compilando archivo de origen "IG2Project.cpp")
      C:\Program Files\Microsoft Visual Studio\2022\Community\VC\Tools\MSVC\14.41.34120\include\memory(1560,7):
      vea la declaración de 'std::shared_ptr<Ogre::RTShader::Parameter>'
  
C:\Users\rodri\OneDrive\Escritorio\UNI\3ro\IG2\ogre-14.3.4\ogre-14.3.4-release\sdk\include\OGRE\RTShaderSystem\OgreShaderFFPTexturing.h(209,18): warning C4251: "Ogre::RTShader::FFPTexturing::mPSOutDiffuse": "std::shared_ptr<Ogre::RTShader::Parameter>" debe tener una interfaz DLL para que la usen los clientes de "Ogre::RTShader::FFPTexturing"
  (compilando archivo de origen "IG2Project.cpp")
      C:\Program Files\Microsoft Visual Studio\2022\Community\VC\Tools\MSVC\14.41.34120\include\memory(1560,7):
      vea la declaración de 'std::shared_ptr<Ogre::RTShader::Parameter>'
  
C:\Users\rodri\OneDrive\Escritorio\UNI\3ro\IG2\ogre-14.3.4\ogre-14.3.4-release\sdk\include\OGRE\RTShaderSystem\OgreShaderFFPTexturing.h(212,18): warning C4251: "Ogre::RTShader::FFPTexturing::mPSDiffuse": "std::shared_ptr<Ogre::RTShader::Parameter>" debe tener una interfaz DLL para que la usen los clientes de "Ogre::RTShader::FFPTexturing"
  (compilando archivo de origen "IG2Project.cpp")
      C:\Program Files\Microsoft Visual Studio\2022\Community\VC\Tools\MSVC\14.41.34120\include\memory(1560,7):
      vea la declaración de 'std::shared_ptr<Ogre::RTShader::Parameter>'
  
C:\Users\rodri\OneDrive\Escritorio\UNI\3ro\IG2\ogre-14.3.4\ogre-14.3.4-release\sdk\include\OGRE\RTShaderSystem\OgreShaderFFPTexturing.h(214,18): warning C4251: "Ogre::RTShader::FFPTexturing::mPSSpecular": "std::shared_ptr<Ogre::RTShader::Parameter>" debe tener una interfaz DLL para que la usen los clientes de "Ogre::RTShader::FFPTexturing"
  (compilando archivo de origen "IG2Project.cpp")
      C:\Program Files\Microsoft Visual Studio\2022\Community\VC\Tools\MSVC\14.41.34120\include\memory(1560,7):
      vea la declaración de 'std::shared_ptr<Ogre::RTShader::Parameter>'
  
C:\Users\rodri\OneDrive\Escritorio\UNI\3ro\IG2\ogre-14.3.4\ogre-14.3.4-release\sdk\include\OGRE\RTShaderSystem\OgreShaderExLayeredBlending.h(90,19): warning C4251: "Ogre::RTShader::LayeredBlending::Type": "std::basic_string<char,std::char_traits<char>,std::allocator<char>>" debe tener una interfaz DLL para que la usen los clientes de "Ogre::RTShader::LayeredBlending"
  (compilando archivo de origen "IG2Project.cpp")
      C:\Program Files\Microsoft Visual Studio\2022\Community\VC\Tools\MSVC\14.41.34120\include\xstring(527,7):
      vea la declaración de 'std::basic_string<char,std::char_traits<char>,std::allocator<char>>'
  
C:\Users\rodri\OneDrive\Escritorio\UNI\3ro\IG2\ogre-14.3.4\ogre-14.3.4-release\sdk\include\OGRE\RTShaderSystem\OgreShaderExLayeredBlending.h(136,31): warning C4251: "Ogre::RTShader::LayeredBlending::mTextureBlends": "std::vector<Ogre::RTShader::LayeredBlending::TextureBlend,std::allocator<Ogre::RTShader::LayeredBlending::TextureBlend>>" debe tener una interfaz DLL para que la usen los clientes de "Ogre::RTShader::LayeredBlending"
  (compilando archivo de origen "IG2Project.cpp")
      C:\Program Files\Microsoft Visual Studio\2022\Community\VC\Tools\MSVC\14.41.34120\include\vector(429,7):
      vea la declaración de 'std::vector<Ogre::RTShader::LayeredBlending::TextureBlend,std::allocator<Ogre::RTShader::LayeredBlending::TextureBlend>>'
  
C:\Users\rodri\OneDrive\Escritorio\UNI\3ro\IG2\ogre-14.3.4\ogre-14.3.4-release\sdk\include\OGRE\Bites\OgreSGTechniqueResolverListener.h(46,84): warning C4275: se ha utilizado una interfaz no de DLL class 'Ogre::MaterialManager::Listener' como base para la interfaz DLL class 'OgreBites::SGTechniqueResolverListener'
  (compilando archivo de origen "IG2Project.cpp")
      C:\Users\rodri\OneDrive\Escritorio\UNI\3ro\IG2\ogre-14.3.4\ogre-14.3.4-release\sdk\include\OGRE\OgreMaterialManager.h(82,15):
      vea la declaración de 'Ogre::MaterialManager::Listener'
      C:\Users\rodri\OneDrive\Escritorio\UNI\3ro\IG2\ogre-14.3.4\ogre-14.3.4-release\sdk\include\OGRE\Bites\OgreSGTechniqueResolverListener.h(46,24):
      vea la declaración de 'OgreBites::SGTechniqueResolverListener'
  
C:\Users\rodri\OneDrive\Escritorio\UNI\3ro\IG2\ogre-14.3.4\ogre-14.3.4-release\sdk\include\OGRE\Bites\OgreInput.h(200,33): warning C4251: "OgreBites::InputListenerChain::mListenerChain": "std::vector<OgreBites::InputListener *,std::allocator<OgreBites::InputListener *>>" debe tener una interfaz DLL para que la usen los clientes de "OgreBites::InputListenerChain"
  (compilando archivo de origen "IG2Project.cpp")
      C:\Program Files\Microsoft Visual Studio\2022\Community\VC\Tools\MSVC\14.41.34120\include\vector(429,7):
      vea la declaración de 'std::vector<OgreBites::InputListener *,std::allocator<OgreBites::InputListener *>>'
  
C:\Users\rodri\OneDrive\Escritorio\UNI\3ro\IG2\ogre-14.3.4\ogre-14.3.4-release\sdk\include\OGRE\Bites\OgreApplicationContextBase.h(310,22): warning C4251: "OgreBites::ApplicationContextBase::mNextRenderer": "std::basic_string<char,std::char_traits<char>,std::allocator<char>>" debe tener una interfaz DLL para que la usen los clientes de "OgreBites::ApplicationContextBase"
  (compilando archivo de origen "IG2Project.cpp")
      C:\Program Files\Microsoft Visual Studio\2022\Community\VC\Tools\MSVC\14.41.34120\include\xstring(527,7):
      vea la declaración de 'std::basic_string<char,std::char_traits<char>,std::allocator<char>>'
  
C:\Users\rodri\OneDrive\Escritorio\UNI\3ro\IG2\ogre-14.3.4\ogre-14.3.4-release\sdk\include\OGRE\Bites\OgreApplicationContextBase.h(311,22): warning C4251: "OgreBites::ApplicationContextBase::mAppName": "std::basic_string<char,std::char_traits<char>,std::allocator<char>>" debe tener una interfaz DLL para que la usen los clientes de "OgreBites::ApplicationContextBase"
  (compilando archivo de origen "IG2Project.cpp")
      C:\Program Files\Microsoft Visual Studio\2022\Community\VC\Tools\MSVC\14.41.34120\include\xstring(527,7):
      vea la declaración de 'std::basic_string<char,std::char_traits<char>,std::allocator<char>>'
  
C:\Users\rodri\OneDrive\Escritorio\UNI\3ro\IG2\ogre-14.3.4\ogre-14.3.4-release\sdk\include\OGRE\Bites\OgreApplicationContextBase.h(314,20): warning C4251: "OgreBites::ApplicationContextBase::mWindows": "std::vector<OgreBites::NativeWindowPair,std::allocator<OgreBites::NativeWindowPair>>" debe tener una interfaz DLL para que la usen los clientes de "OgreBites::ApplicationContextBase"
  (compilando archivo de origen "IG2Project.cpp")
      C:\Program Files\Microsoft Visual Studio\2022\Community\VC\Tools\MSVC\14.41.34120\include\vector(429,7):
      vea la declaración de 'std::vector<OgreBites::NativeWindowPair,std::allocator<OgreBites::NativeWindowPair>>'
  
C:\Users\rodri\OneDrive\Escritorio\UNI\3ro\IG2\ogre-14.3.4\ogre-14.3.4-release\sdk\include\OGRE\Bites\OgreApplicationContextBase.h(317,27): warning C4251: "OgreBites::ApplicationContextBase::mInputListeners": "std::set<std::pair<uint32_t,OgreBites::InputListener *>,std::less<std::pair<uint32_t,OgreBites::InputListener *>>,std::allocator<std::pair<uint32_t,OgreBites::InputListener *>>>" debe tener una interfaz DLL para que la usen los clientes de "OgreBites::ApplicationContextBase"
  (compilando archivo de origen "IG2Project.cpp")
      C:\Program Files\Microsoft Visual Studio\2022\Community\VC\Tools\MSVC\14.41.34120\include\set(51,7):
      vea la declaración de 'std::set<std::pair<uint32_t,OgreBites::InputListener *>,std::less<std::pair<uint32_t,OgreBites::InputListener *>>,std::allocator<std::pair<uint32_t,OgreBites::InputListener *>>>'
  
C:\Users\rodri\OneDrive\Escritorio\UNI\3ro\IG2\ogre-14.3.4\ogre-14.3.4-release\sdk\include\OGRE\Bites\OgreApplicationContextBase.h(319,40): warning C4251: "OgreBites::ApplicationContextBase::mImGuiListener": "std::unique_ptr<OgreBites::InputListener,std::default_delete<OgreBites::InputListener>>" debe tener una interfaz DLL para que la usen los clientes de "OgreBites::ApplicationContextBase"
  (compilando archivo de origen "IG2Project.cpp")
      C:\Program Files\Microsoft Visual Studio\2022\Community\VC\Tools\MSVC\14.41.34120\include\memory(3335,7):
      vea la declaración de 'std::unique_ptr<OgreBites::InputListener,std::default_delete<OgreBites::InputListener>>'
  
C:\Users\rodri\OneDrive\Escritorio\UNI\3ro\IG2\ogre-14.3.4\ogre-14.3.4-release\sdk\include\OGRE\Overlay\OgreOverlay.h(77,16): warning C4251: "Ogre::Overlay::mName": "std::basic_string<char,std::char_traits<char>,std::allocator<char>>" debe tener una interfaz DLL para que la usen los clientes de "Ogre::Overlay"
  (compilando archivo de origen "IG2Project.cpp")
      C:\Program Files\Microsoft Visual Studio\2022\Community\VC\Tools\MSVC\14.41.34120\include\xstring(527,7):
      vea la declaración de 'std::basic_string<char,std::char_traits<char>,std::allocator<char>>'
  
C:\Users\rodri\OneDrive\Escritorio\UNI\3ro\IG2\ogre-14.3.4\ogre-14.3.4-release\sdk\include\OGRE\Overlay\OgreOverlay.h(83,30): warning C4251: "Ogre::Overlay::m2DElements": "std::list<Ogre::OverlayContainer *,std::allocator<Ogre::OverlayContainer *>>" debe tener una interfaz DLL para que la usen los clientes de "Ogre::Overlay"
  (compilando archivo de origen "IG2Project.cpp")
      C:\Program Files\Microsoft Visual Studio\2022\Community\VC\Tools\MSVC\14.41.34120\include\list(755,7):
      vea la declaración de 'std::list<Ogre::OverlayContainer *,std::allocator<Ogre::OverlayContainer *>>'
  
C:\Users\rodri\OneDrive\Escritorio\UNI\3ro\IG2\ogre-14.3.4\ogre-14.3.4-release\sdk\include\OGRE\Overlay\OgreOverlay.h(86,16): warning C4251: "Ogre::Overlay::mRotate": "Ogre::Radian" debe tener una interfaz DLL para que la usen los clientes de "Ogre::Overlay"
  (compilando archivo de origen "IG2Project.cpp")
      C:\Users\rodri\OneDrive\Escritorio\UNI\3ro\IG2\ogre-14.3.4\ogre-14.3.4-release\sdk\include\OGRE\OgreMath.h(62,11):
      vea la declaración de 'Ogre::Radian'
  
C:\Users\rodri\OneDrive\Escritorio\UNI\3ro\IG2\ogre-14.3.4\ogre-14.3.4-release\sdk\include\OGRE\Overlay\OgreOverlay.h(100,16): warning C4251: "Ogre::Overlay::mOrigin": "std::basic_string<char,std::char_traits<char>,std::allocator<char>>" debe tener una interfaz DLL para que la usen los clientes de "Ogre::Overlay"
  (compilando archivo de origen "IG2Project.cpp")
      C:\Program Files\Microsoft Visual Studio\2022\Community\VC\Tools\MSVC\14.41.34120\include\xstring(527,7):
      vea la declaración de 'std::basic_string<char,std::char_traits<char>,std::allocator<char>>'
  
C:\Users\rodri\OneDrive\Escritorio\UNI\3ro\IG2\ogre-14.3.4\ogre-14.3.4-release\sdk\include\OGRE\Overlay\OgreOverlayProfileSessionListener.h(112,24): warning C4251: "Ogre::OverlayProfileSessionListener::mProfileBars": "std::list<Ogre::OverlayElement *,std::allocator<Ogre::OverlayElement *>>" debe tener una interfaz DLL para que la usen los clientes de "Ogre::OverlayProfileSessionListener"
  (compilando archivo de origen "IG2Project.cpp")
      C:\Program Files\Microsoft Visual Studio\2022\Community\VC\Tools\MSVC\14.41.34120\include\list(755,7):
      vea la declaración de 'std::list<Ogre::OverlayElement *,std::allocator<Ogre::OverlayElement *>>'
  
C:\Users\rodri\OneDrive\Escritorio\UNI\3ro\IG2\ogre-14.3.4\ogre-14.3.4-release\sdk\include\OGRE\Overlay\OgreOverlayManager.h(63,20): warning C4251: "Ogre::OverlayManager::mOverlayMap": "std::map<Ogre::String,Ogre::Overlay *,std::less<Ogre::String>,std::allocator<std::pair<const Ogre::String,Ogre::Overlay *>>>" debe tener una interfaz DLL para que la usen los clientes de "Ogre::OverlayManager"
  (compilando archivo de origen "IG2Project.cpp")
      C:\Program Files\Microsoft Visual Studio\2022\Community\VC\Tools\MSVC\14.41.34120\include\map(72,7):
      vea la declaración de 'std::map<Ogre::String,Ogre::Overlay *,std::less<Ogre::String>,std::allocator<std::pair<const Ogre::String,Ogre::Overlay *>>>'
  
C:\Users\rodri\OneDrive\Escritorio\UNI\3ro\IG2\ogre-14.3.4\ogre-14.3.4-release\sdk\include\OGRE\Overlay\OgreOverlayManager.h(64,22): warning C4251: "Ogre::OverlayManager::mScriptPatterns": "std::vector<Ogre::String,std::allocator<Ogre::String>>" debe tener una interfaz DLL para que la usen los clientes de "Ogre::OverlayManager"
  (compilando archivo de origen "IG2Project.cpp")
      C:\Program Files\Microsoft Visual Studio\2022\Community\VC\Tools\MSVC\14.41.34120\include\vector(429,7):
      vea la declaración de 'std::vector<Ogre::String,std::allocator<Ogre::String>>'
  
C:\Users\rodri\OneDrive\Escritorio\UNI\3ro\IG2\ogre-14.3.4\ogre-14.3.4-release\sdk\include\OGRE\Overlay\OgreOverlayManager.h(72,20): warning C4251: "Ogre::OverlayManager::mFactories": "std::map<Ogre::String,Ogre::OverlayElementFactory *,std::less<Ogre::String>,std::allocator<std::pair<const Ogre::String,Ogre::OverlayElementFactory *>>>" debe tener una interfaz DLL para que la usen los clientes de "Ogre::OverlayManager"
  (compilando archivo de origen "IG2Project.cpp")
      C:\Program Files\Microsoft Visual Studio\2022\Community\VC\Tools\MSVC\14.41.34120\include\map(72,7):
      vea la declaración de 'std::map<Ogre::String,Ogre::OverlayElementFactory *,std::less<Ogre::String>,std::allocator<std::pair<const Ogre::String,Ogre::OverlayElementFactory *>>>'
  
C:\Users\rodri\OneDrive\Escritorio\UNI\3ro\IG2\ogre-14.3.4\ogre-14.3.4-release\sdk\include\OGRE\Overlay\OgreOverlayManager.h(74,20): warning C4251: "Ogre::OverlayManager::mElements": "std::map<Ogre::String,Ogre::OverlayElement *,std::less<Ogre::String>,std::allocator<std::pair<const Ogre::String,Ogre::OverlayElement *>>>" debe tener una interfaz DLL para que la usen los clientes de "Ogre::OverlayManager"
  (compilando archivo de origen "IG2Project.cpp")
      C:\Program Files\Microsoft Visual Studio\2022\Community\VC\Tools\MSVC\14.41.34120\include\map(72,7):
      vea la declaración de 'std::map<Ogre::String,Ogre::OverlayElement *,std::less<Ogre::String>,std::allocator<std::pair<const Ogre::String,Ogre::OverlayElement *>>>'
  
C:\Users\rodri\OneDrive\Escritorio\UNI\3ro\IG2\ogre-14.3.4\ogre-14.3.4-release\sdk\include\OGRE\Overlay\OgreOverlayManager.h(77,23): warning C4251: "Ogre::OverlayManager::mLoadedScripts": "std::set<Ogre::String,std::less<Ogre::String>,std::allocator<Ogre::String>>" debe tener una interfaz DLL para que la usen los clientes de "Ogre::OverlayManager"
  (compilando archivo de origen "IG2Project.cpp")
      C:\Program Files\Microsoft Visual Studio\2022\Community\VC\Tools\MSVC\14.41.34120\include\set(51,7):
      vea la declaración de 'std::set<Ogre::String,std::less<Ogre::String>,std::allocator<Ogre::String>>'
  
C:\Users\rodri\OneDrive\Escritorio\UNI\3ro\IG2\ogre-14.3.4\ogre-14.3.4-release\sdk\include\OGRE\Overlay\OgreOverlayManager.h(79,50): warning C4251: "Ogre::OverlayManager::mTranslatorManager": "std::unique_ptr<Ogre::ScriptTranslatorManager,std::default_delete<Ogre::ScriptTranslatorManager>>" debe tener una interfaz DLL para que la usen los clientes de "Ogre::OverlayManager"
  (compilando archivo de origen "IG2Project.cpp")
      C:\Program Files\Microsoft Visual Studio\2022\Community\VC\Tools\MSVC\14.41.34120\include\memory(3335,7):
      vea la declaración de 'std::unique_ptr<Ogre::ScriptTranslatorManager,std::default_delete<Ogre::ScriptTranslatorManager>>'
  
C:\Users\rodri\OneDrive\Escritorio\UNI\3ro\IG2\ogre-14.3.4\ogre-14.3.4-release\sdk\include\OGRE\Overlay\OgreOverlayElement.h(107,16): warning C4251: "Ogre::OverlayElement::mName": "std::basic_string<char,std::char_traits<char>,std::allocator<char>>" debe tener una interfaz DLL para que la usen los clientes de "Ogre::OverlayElement"
  (compilando archivo de origen "IG2Project.cpp")
      C:\Program Files\Microsoft Visual Studio\2022\Community\VC\Tools\MSVC\14.41.34120\include\xstring(527,7):
      vea la declaración de 'std::basic_string<char,std::char_traits<char>,std::allocator<char>>'
  
C:\Users\rodri\OneDrive\Escritorio\UNI\3ro\IG2\ogre-14.3.4\ogre-14.3.4-release\sdk\include\OGRE\Overlay\OgreOverlayElement.h(114,21): warning C4251: "Ogre::OverlayElement::mMaterial": "Ogre::SharedPtr<Ogre::Material>" debe tener una interfaz DLL para que la usen los clientes de "Ogre::OverlayElement"
  (compilando archivo de origen "IG2Project.cpp")
      C:\Users\rodri\OneDrive\Escritorio\UNI\3ro\IG2\ogre-14.3.4\ogre-14.3.4-release\sdk\include\OGRE\OgreSharedPtr.h(44,29):
      vea la declaración de 'Ogre::SharedPtr<Ogre::Material>'
  
C:\Users\rodri\OneDrive\Escritorio\UNI\3ro\IG2\ogre-14.3.4\ogre-14.3.4-release\sdk\include\OGRE\Overlay\OgreOverlayElement.h(115,23): warning C4251: "Ogre::OverlayElement::mCaption": "std::basic_string<char,std::char_traits<char>,std::allocator<char>>" debe tener una interfaz DLL para que la usen los clientes de "Ogre::OverlayElement"
  (compilando archivo de origen "IG2Project.cpp")
      C:\Program Files\Microsoft Visual Studio\2022\Community\VC\Tools\MSVC\14.41.34120\include\xstring(527,7):
      vea la declaración de 'std::basic_string<char,std::char_traits<char>,std::allocator<char>>'
  
C:\Users\rodri\OneDrive\Escritorio\UNI\3ro\IG2\ogre-14.3.4\ogre-14.3.4-release\sdk\include\OGRE\Overlay\OgreOverlayElement.h(117,18): warning C4251: "Ogre::OverlayElement::mClippingRegion": "Ogre::TRect<float>" debe tener una interfaz DLL para que la usen los clientes de "Ogre::OverlayElement"
  (compilando archivo de origen "IG2Project.cpp")
      C:\Users\rodri\OneDrive\Escritorio\UNI\3ro\IG2\ogre-14.3.4\ogre-14.3.4-release\sdk\include\OGRE\OgreCommon.h(379,39):
      vea la declaración de 'Ogre::TRect<float>'
  
C:\Users\rodri\OneDrive\Escritorio\UNI\3ro\IG2\ogre-14.3.4\ogre-14.3.4-release\sdk\include\OGRE\Overlay\OgreOverlayContainer.h(64,18): warning C4251: "Ogre::OverlayContainer::mChildren": "std::map<Ogre::String,Ogre::OverlayElement *,std::less<Ogre::String>,std::allocator<std::pair<const Ogre::String,Ogre::OverlayElement *>>>" debe tener una interfaz DLL para que la usen los clientes de "Ogre::OverlayContainer"
  (compilando archivo de origen "IG2Project.cpp")
      C:\Program Files\Microsoft Visual Studio\2022\Community\VC\Tools\MSVC\14.41.34120\include\map(72,7):
      vea la declaración de 'std::map<Ogre::String,Ogre::OverlayElement *,std::less<Ogre::String>,std::allocator<std::pair<const Ogre::String,Ogre::OverlayElement *>>>'
  
C:\Users\rodri\OneDrive\Escritorio\UNI\3ro\IG2\ogre-14.3.4\ogre-14.3.4-release\sdk\include\OGRE\Overlay\OgreOverlayContainer.h(66,27): warning C4251: "Ogre::OverlayContainer::mChildContainers": "std::map<Ogre::String,Ogre::OverlayContainer *,std::less<Ogre::String>,std::allocator<std::pair<const Ogre::String,Ogre::OverlayContainer *>>>" debe tener una interfaz DLL para que la usen los clientes de "Ogre::OverlayContainer"
  (compilando archivo de origen "IG2Project.cpp")
      C:\Program Files\Microsoft Visual Studio\2022\Community\VC\Tools\MSVC\14.41.34120\include\map(72,7):
      vea la declaración de 'std::map<Ogre::String,Ogre::OverlayContainer *,std::less<Ogre::String>,std::allocator<std::pair<const Ogre::String,Ogre::OverlayContainer *>>>'
  
C:\Users\rodri\OneDrive\Escritorio\UNI\3ro\IG2\ogre-14.3.4\ogre-14.3.4-release\sdk\include\OGRE\Overlay\OgrePanelOverlayElement.h(127,23): warning C4251: "Ogre::PanelOverlayElement::msTypeName": "std::basic_string<char,std::char_traits<char>,std::allocator<char>>" debe tener una interfaz DLL para que la usen los clientes de "Ogre::PanelOverlayElement"
  (compilando archivo de origen "IG2Project.cpp")
      C:\Program Files\Microsoft Visual Studio\2022\Community\VC\Tools\MSVC\14.41.34120\include\xstring(527,7):
      vea la declaración de 'std::basic_string<char,std::char_traits<char>,std::allocator<char>>'
  
C:\Users\rodri\OneDrive\Escritorio\UNI\3ro\IG2\ogre-14.3.4\ogre-14.3.4-release\sdk\include\OGRE\Overlay\OgreBorderPanelOverlayElement.h(194,21): warning C4251: "Ogre::BorderPanelOverlayElement::mBorderMaterial": "Ogre::SharedPtr<Ogre::Material>" debe tener una interfaz DLL para que la usen los clientes de "Ogre::BorderPanelOverlayElement"
  (compilando archivo de origen "IG2Project.cpp")
      C:\Users\rodri\OneDrive\Escritorio\UNI\3ro\IG2\ogre-14.3.4\ogre-14.3.4-release\sdk\include\OGRE\OgreSharedPtr.h(44,29):
      vea la declaración de 'Ogre::SharedPtr<Ogre::Material>'
  
C:\Users\rodri\OneDrive\Escritorio\UNI\3ro\IG2\ogre-14.3.4\ogre-14.3.4-release\sdk\include\OGRE\Overlay\OgreBorderPanelOverlayElement.h(199,23): warning C4251: "Ogre::BorderPanelOverlayElement::msTypeName": "std::basic_string<char,std::char_traits<char>,std::allocator<char>>" debe tener una interfaz DLL para que la usen los clientes de "Ogre::BorderPanelOverlayElement"
  (compilando archivo de origen "IG2Project.cpp")
      C:\Program Files\Microsoft Visual Studio\2022\Community\VC\Tools\MSVC\14.41.34120\include\xstring(527,7):
      vea la declaración de 'std::basic_string<char,std::char_traits<char>,std::allocator<char>>'
  
C:\Users\rodri\OneDrive\Escritorio\UNI\3ro\IG2\ogre-14.3.4\ogre-14.3.4-release\sdk\include\OGRE\Overlay\OgreFont.h(94,16): warning C4251: "Ogre::Font::mSource": "std::basic_string<char,std::char_traits<char>,std::allocator<char>>" debe tener una interfaz DLL para que la usen los clientes de "Ogre::Font"
  (compilando archivo de origen "IG2Project.cpp")
      C:\Program Files\Microsoft Visual Studio\2022\Community\VC\Tools\MSVC\14.41.34120\include\xstring(527,7):
      vea la declaración de 'std::basic_string<char,std::char_traits<char>,std::allocator<char>>'
  
C:\Users\rodri\OneDrive\Escritorio\UNI\3ro\IG2\ogre-14.3.4\ogre-14.3.4-release\sdk\include\OGRE\Overlay\OgreFont.h(113,22): warning C4251: "Ogre::Font::mCodePointMap": "std::map<Ogre::Font::CodePoint,Ogre::GlyphInfo,std::less<Ogre::uint32>,std::allocator<std::pair<const Ogre::Font::CodePoint,Ogre::GlyphInfo>>>" debe tener una interfaz DLL para que la usen los clientes de "Ogre::Font"
  (compilando archivo de origen "IG2Project.cpp")
      C:\Program Files\Microsoft Visual Studio\2022\Community\VC\Tools\MSVC\14.41.34120\include\map(72,7):
      vea la declaración de 'std::map<Ogre::Font::CodePoint,Ogre::GlyphInfo,std::less<Ogre::uint32>,std::allocator<std::pair<const Ogre::Font::CodePoint,Ogre::GlyphInfo>>>'
  
C:\Users\rodri\OneDrive\Escritorio\UNI\3ro\IG2\ogre-14.3.4\ogre-14.3.4-release\sdk\include\OGRE\Overlay\OgreFont.h(116,21): warning C4251: "Ogre::Font::mMaterial": "Ogre::SharedPtr<Ogre::Material>" debe tener una interfaz DLL para que la usen los clientes de "Ogre::Font"
  (compilando archivo de origen "IG2Project.cpp")
      C:\Users\rodri\OneDrive\Escritorio\UNI\3ro\IG2\ogre-14.3.4\ogre-14.3.4-release\sdk\include\OGRE\OgreSharedPtr.h(44,29):
      vea la declaración de 'Ogre::SharedPtr<Ogre::Material>'
  
C:\Users\rodri\OneDrive\Escritorio\UNI\3ro\IG2\ogre-14.3.4\ogre-14.3.4-release\sdk\include\OGRE\Overlay\OgreFont.h(119,20): warning C4251: "Ogre::Font::mTexture": "Ogre::SharedPtr<Ogre::Texture>" debe tener una interfaz DLL para que la usen los clientes de "Ogre::Font"
  (compilando archivo de origen "IG2Project.cpp")
      C:\Users\rodri\OneDrive\Escritorio\UNI\3ro\IG2\ogre-14.3.4\ogre-14.3.4-release\sdk\include\OGRE\OgreSharedPtr.h(44,29):
      vea la declaración de 'Ogre::SharedPtr<Ogre::Texture>'
  
C:\Users\rodri\OneDrive\Escritorio\UNI\3ro\IG2\ogre-14.3.4\ogre-14.3.4-release\sdk\include\OGRE\Overlay\OgreFont.h(125,28): warning C4251: "Ogre::Font::mCodePointRangeList": "std::vector<Ogre::Font::CodePointRange,std::allocator<Ogre::Font::CodePointRange>>" debe tener una interfaz DLL para que la usen los clientes de "Ogre::Font"
  (compilando archivo de origen "IG2Project.cpp")
      C:\Program Files\Microsoft Visual Studio\2022\Community\VC\Tools\MSVC\14.41.34120\include\vector(429,7):
      vea la declaración de 'std::vector<Ogre::Font::CodePointRange,std::allocator<Ogre::Font::CodePointRange>>'
  
C:\Users\rodri\OneDrive\Escritorio\UNI\3ro\IG2\ogre-14.3.4\ogre-14.3.4-release\sdk\include\OGRE\Overlay\OgreTextAreaOverlayElement.h(143,23): warning C4251: "Ogre::TextAreaOverlayElement::msTypeName": "std::basic_string<char,std::char_traits<char>,std::allocator<char>>" debe tener una interfaz DLL para que la usen los clientes de "Ogre::TextAreaOverlayElement"
  (compilando archivo de origen "IG2Project.cpp")
      C:\Program Files\Microsoft Visual Studio\2022\Community\VC\Tools\MSVC\14.41.34120\include\xstring(527,7):
      vea la declaración de 'std::basic_string<char,std::char_traits<char>,std::allocator<char>>'
  
C:\Users\rodri\OneDrive\Escritorio\UNI\3ro\IG2\ogre-14.3.4\ogre-14.3.4-release\sdk\include\OGRE\Overlay\OgreTextAreaOverlayElement.h(145,17): warning C4251: "Ogre::TextAreaOverlayElement::mFont": "Ogre::SharedPtr<Ogre::Font>" debe tener una interfaz DLL para que la usen los clientes de "Ogre::TextAreaOverlayElement"
  (compilando archivo de origen "IG2Project.cpp")
      C:\Users\rodri\OneDrive\Escritorio\UNI\3ro\IG2\ogre-14.3.4\ogre-14.3.4-release\sdk\include\OGRE\OgreSharedPtr.h(44,29):
      vea la declaración de 'Ogre::SharedPtr<Ogre::Font>'
  
C:\Users\rodri\OneDrive\Escritorio\UNI\3ro\IG2\ogre-14.3.4\ogre-14.3.4-release\sdk\include\OGRE\OgreTimer.h(41,47): warning C4251: "Ogre::Timer::start": "std::chrono::time_point<std::chrono::steady_clock,std::chrono::nanoseconds>" debe tener una interfaz DLL para que la usen los clientes de "Ogre::Timer"
  (compilando archivo de origen "IG2Project.cpp")
      C:\Program Files\Microsoft Visual Studio\2022\Community\VC\Tools\MSVC\14.41.34120\include\__msvc_chrono.hpp(200,11):
      vea la declaración de 'std::chrono::time_point<std::chrono::steady_clock,std::chrono::nanoseconds>'
  
C:\Users\rodri\OneDrive\Escritorio\UNI\3ro\IG2\ogre-14.3.4\ogre-14.3.4-release\sdk\include\OGRE\Bites\OgreTrays.h(338,29): warning C4251: "OgreBites::TextBox::mText": "std::basic_string<char,std::char_traits<char>,std::allocator<char>>" debe tener una interfaz DLL para que la usen los clientes de "OgreBites::TextBox"
  (compilando archivo de origen "IG2Project.cpp")
      C:\Program Files\Microsoft Visual Studio\2022\Community\VC\Tools\MSVC\14.41.34120\include\xstring(527,7):
      vea la declaración de 'std::basic_string<char,std::char_traits<char>,std::allocator<char>>'
  
C:\Users\rodri\OneDrive\Escritorio\UNI\3ro\IG2\ogre-14.3.4\ogre-14.3.4-release\sdk\include\OGRE\Bites\OgreTrays.h(339,28): warning C4251: "OgreBites::TextBox::mLines": "std::vector<Ogre::String,std::allocator<Ogre::String>>" debe tener una interfaz DLL para que la usen los clientes de "OgreBites::TextBox"
  (compilando archivo de origen "IG2Project.cpp")
      C:\Program Files\Microsoft Visual Studio\2022\Community\VC\Tools\MSVC\14.41.34120\include\vector(429,7):
      vea la declaración de 'std::vector<Ogre::String,std::allocator<Ogre::String>>'
  
C:\Users\rodri\OneDrive\Escritorio\UNI\3ro\IG2\ogre-14.3.4\ogre-14.3.4-release\sdk\include\OGRE\Bites\OgreTrays.h(445,55): warning C4251: "OgreBites::SelectMenu::mItemElements": "std::vector<Ogre::BorderPanelOverlayElement *,std::allocator<Ogre::BorderPanelOverlayElement *>>" debe tener una interfaz DLL para que la usen los clientes de "OgreBites::SelectMenu"
  (compilando archivo de origen "IG2Project.cpp")
      C:\Program Files\Microsoft Visual Studio\2022\Community\VC\Tools\MSVC\14.41.34120\include\vector(429,7):
      vea la declaración de 'std::vector<Ogre::BorderPanelOverlayElement *,std::allocator<Ogre::BorderPanelOverlayElement *>>'
  
C:\Users\rodri\OneDrive\Escritorio\UNI\3ro\IG2\ogre-14.3.4\ogre-14.3.4-release\sdk\include\OGRE\Bites\OgreTrays.h(452,28): warning C4251: "OgreBites::SelectMenu::mItems": "std::vector<Ogre::String,std::allocator<Ogre::String>>" debe tener una interfaz DLL para que la usen los clientes de "OgreBites::SelectMenu"
  (compilando archivo de origen "IG2Project.cpp")
      C:\Program Files\Microsoft Visual Studio\2022\Community\VC\Tools\MSVC\14.41.34120\include\vector(429,7):
      vea la declaración de 'std::vector<Ogre::String,std::allocator<Ogre::String>>'
  
C:\Users\rodri\OneDrive\Escritorio\UNI\3ro\IG2\ogre-14.3.4\ogre-14.3.4-release\sdk\include\OGRE\Bites\OgreTrays.h(630,28): warning C4251: "OgreBites::ParamsPanel::mNames": "std::vector<Ogre::String,std::allocator<Ogre::String>>" debe tener una interfaz DLL para que la usen los clientes de "OgreBites::ParamsPanel"
  (compilando archivo de origen "IG2Project.cpp")
      C:\Program Files\Microsoft Visual Studio\2022\Community\VC\Tools\MSVC\14.41.34120\include\vector(429,7):
      vea la declaración de 'std::vector<Ogre::String,std::allocator<Ogre::String>>'
  
C:\Users\rodri\OneDrive\Escritorio\UNI\3ro\IG2\ogre-14.3.4\ogre-14.3.4-release\sdk\include\OGRE\Bites\OgreTrays.h(631,28): warning C4251: "OgreBites::ParamsPanel::mValues": "std::vector<Ogre::String,std::allocator<Ogre::String>>" debe tener una interfaz DLL para que la usen los clientes de "OgreBites::ParamsPanel"
  (compilando archivo de origen "IG2Project.cpp")
      C:\Program Files\Microsoft Visual Studio\2022\Community\VC\Tools\MSVC\14.41.34120\include\vector(429,7):
      vea la declaración de 'std::vector<Ogre::String,std::allocator<Ogre::String>>'
  
C:\Users\rodri\OneDrive\Escritorio\UNI\3ro\IG2\ogre-14.3.4\ogre-14.3.4-release\sdk\include\OGRE\Bites\OgreTrays.h(1168,22): warning C4251: "OgreBites::TrayManager::mName": "std::basic_string<char,std::char_traits<char>,std::allocator<char>>" debe tener una interfaz DLL para que la usen los clientes de "OgreBites::TrayManager"
  (compilando archivo de origen "IG2Project.cpp")
      C:\Program Files\Microsoft Visual Studio\2022\Community\VC\Tools\MSVC\14.41.34120\include\xstring(527,7):
      vea la declaración de 'std::basic_string<char,std::char_traits<char>,std::allocator<char>>'
  
C:\Users\rodri\OneDrive\Escritorio\UNI\3ro\IG2\ogre-14.3.4\ogre-14.3.4-release\sdk\include\OGRE\Bites\OgreTrays.h(1176,20): warning C4251: "OgreBites::TrayManager::mWidgets": "std::vector<OgreBites::Widget *,std::allocator<OgreBites::Widget *>>" debe tener una interfaz DLL para que la usen los clientes de "OgreBites::TrayManager"
  (compilando archivo de origen "IG2Project.cpp")
      C:\Program Files\Microsoft Visual Studio\2022\Community\VC\Tools\MSVC\14.41.34120\include\vector(429,7):
      vea la declaración de 'std::vector<OgreBites::Widget *,std::allocator<OgreBites::Widget *>>'
  
C:\Users\rodri\OneDrive\Escritorio\UNI\3ro\IG2\ogre-14.3.4\ogre-14.3.4-release\sdk\include\OGRE\Bites\OgreTrays.h(1177,20): warning C4251: "OgreBites::TrayManager::mWidgetDeathRow": "std::vector<OgreBites::Widget *,std::allocator<OgreBites::Widget *>>" debe tener una interfaz DLL para que la usen los clientes de "OgreBites::TrayManager"
  (compilando archivo de origen "IG2Project.cpp")
      C:\Program Files\Microsoft Visual Studio\2022\Community\VC\Tools\MSVC\14.41.34120\include\vector(429,7):
      vea la declaración de 'std::vector<OgreBites::Widget *,std::allocator<OgreBites::Widget *>>'
  
C:\Users\rodri\OneDrive\Escritorio\UNI\3ro\IG2\ogre-14.3.4\ogre-14.3.4-release\sdk\include\OGRE\Bites\OgreTrays.h(1201,23): warning C4251: "OgreBites::TrayManager::mCursorPos": "Ogre::Vector<2,Ogre::Real>" debe tener una interfaz DLL para que la usen los clientes de "OgreBites::TrayManager"
  (compilando archivo de origen "IG2Project.cpp")
      C:\Users\rodri\OneDrive\Escritorio\UNI\3ro\IG2\ogre-14.3.4\ogre-14.3.4-release\sdk\include\OGRE\OgreVector.h(277,28):
      vea la declaración de 'Ogre::Vector<2,Ogre::Real>'
  
C:\Users\rodri\OneDrive\Escritorio\UNI\3ro\IG2\ogre-14.3.4\ogre-14.3.4-release\sdk\include\OGRE\Bites\OgreCameraMan.h(165,23): warning C4251: "OgreBites::CameraMan::mVelocity": "Ogre::Vector<3,Ogre::Real>" debe tener una interfaz DLL para que la usen los clientes de "OgreBites::CameraMan"
  (compilando archivo de origen "IG2Project.cpp")
      C:\Users\rodri\OneDrive\Escritorio\UNI\3ro\IG2\ogre-14.3.4\ogre-14.3.4-release\sdk\include\OGRE\OgreVector.h(277,28):
      vea la declaración de 'Ogre::Vector<3,Ogre::Real>'
  
C:\Users\rodri\OneDrive\Escritorio\UNI\3ro\IG2\ogre-14.3.4\ogre-14.3.4-release\sdk\include\OGRE\Bites\OgreCameraMan.h(173,23): warning C4251: "OgreBites::CameraMan::mOffset": "Ogre::Vector<3,Ogre::Real>" debe tener una interfaz DLL para que la usen los clientes de "OgreBites::CameraMan"
  (compilando archivo de origen "IG2Project.cpp")
      C:\Users\rodri\OneDrive\Escritorio\UNI\3ro\IG2\ogre-14.3.4\ogre-14.3.4-release\sdk\include\OGRE\OgreVector.h(277,28):
      vea la declaración de 'Ogre::Vector<3,Ogre::Real>'
  
C:\Users\rodri\OneDrive\Escritorio\UNI\3ro\IG2\ogre-14.3.4\ogre-14.3.4-release\sdk\include\OGRE\OgreBone.h(140,17): warning C4251: "Ogre::Bone::mBindDerivedInverseScale": "Ogre::Vector<3,Ogre::Real>" debe tener una interfaz DLL para que la usen los clientes de "Ogre::Bone"
  (compilando archivo de origen "IG2Project.cpp")
      C:\Users\rodri\OneDrive\Escritorio\UNI\3ro\IG2\ogre-14.3.4\ogre-14.3.4-release\sdk\include\OGRE\OgreVector.h(277,28):
      vea la declaración de 'Ogre::Vector<3,Ogre::Real>'
  
C:\Users\rodri\OneDrive\Escritorio\UNI\3ro\IG2\ogre-14.3.4\ogre-14.3.4-release\sdk\include\OGRE\OgreBone.h(144,17): warning C4251: "Ogre::Bone::mBindDerivedInversePosition": "Ogre::Vector<3,Ogre::Real>" debe tener una interfaz DLL para que la usen los clientes de "Ogre::Bone"
  (compilando archivo de origen "IG2Project.cpp")
      C:\Users\rodri\OneDrive\Escritorio\UNI\3ro\IG2\ogre-14.3.4\ogre-14.3.4-release\sdk\include\OGRE\OgreVector.h(277,28):
      vea la declaración de 'Ogre::Vector<3,Ogre::Real>'
  
C:\Users\rodri\OneDrive\Escritorio\UNI\3ro\IG2\ogre-14.3.4\ogre-14.3.4-release\sdk\include\OGRE\OgreDefaultHardwareBufferManager.h(86,52): warning C4251: "Ogre::DefaultHardwareBufferManager::mImpl": "std::unique_ptr<Ogre::HardwareBufferManagerBase,std::default_delete<Ogre::HardwareBufferManagerBase>>" debe tener una interfaz DLL para que la usen los clientes de "Ogre::DefaultHardwareBufferManager"
  (compilando archivo de origen "IG2Project.cpp")
      C:\Program Files\Microsoft Visual Studio\2022\Community\VC\Tools\MSVC\14.41.34120\include\memory(3335,7):
      vea la declaración de 'std::unique_ptr<Ogre::HardwareBufferManagerBase,std::default_delete<Ogre::HardwareBufferManagerBase>>'
  
C:\Users\rodri\OneDrive\Escritorio\UNI\3ro\IG2\ogre-14.3.4\ogre-14.3.4-release\sdk\include\OGRE\OgreWorkQueue.h(206,91): warning C4244: 'argumento': conversión de 'Ogre::uint64' a 'unsigned long'; posible pérdida de datos
  (compilando archivo de origen "IG2Project.cpp")
  
C:\Users\rodri\OneDrive\Escritorio\UNI\3ro\IG2\ogre-14.3.4\ogre-14.3.4-release\sdk\include\OGRE\OgreTextureManager.h(421,20): warning C4251: "Ogre::TextureManager::mWarningTexture": "Ogre::SharedPtr<Ogre::Texture>" debe tener una interfaz DLL para que la usen los clientes de "Ogre::TextureManager"
  (compilando archivo de origen "IG2Project.cpp")
      C:\Users\rodri\OneDrive\Escritorio\UNI\3ro\IG2\ogre-14.3.4\ogre-14.3.4-release\sdk\include\OGRE\OgreSharedPtr.h(44,29):
      vea la declaración de 'Ogre::SharedPtr<Ogre::Texture>'
  
C:\Users\rodri\OneDrive\Escritorio\UNI\3ro\IG2\ogre-14.3.4\ogre-14.3.4-release\sdk\include\OGRE\OgreTextureManager.h(422,20): warning C4251: "Ogre::TextureManager::mDefaultSampler": "std::shared_ptr<Ogre::Sampler>" debe tener una interfaz DLL para que la usen los clientes de "Ogre::TextureManager"
  (compilando archivo de origen "IG2Project.cpp")
      C:\Program Files\Microsoft Visual Studio\2022\Community\VC\Tools\MSVC\14.41.34120\include\memory(1560,7):
      vea la declaración de 'std::shared_ptr<Ogre::Sampler>'
  
C:\Users\rodri\OneDrive\Escritorio\UNI\3ro\IG2\ogre-14.3.4\ogre-14.3.4-release\sdk\include\OGRE\OgreTextureManager.h(423,38): warning C4251: "Ogre::TextureManager::mNamedSamplers": "std::map<Ogre::String,Ogre::SamplerPtr,std::less<Ogre::String>,std::allocator<std::pair<const Ogre::String,Ogre::SamplerPtr>>>" debe tener una interfaz DLL para que la usen los clientes de "Ogre::TextureManager"
  (compilando archivo de origen "IG2Project.cpp")
      C:\Program Files\Microsoft Visual Studio\2022\Community\VC\Tools\MSVC\14.41.34120\include\map(72,7):
      vea la declaración de 'std::map<Ogre::String,Ogre::SamplerPtr,std::less<Ogre::String>,std::allocator<std::pair<const Ogre::String,Ogre::SamplerPtr>>>'
  
  Generando código
  9 of 282 functions ( 3.2%) were compiled, the rest were copied from previous compilation.
    0 functions were new in current compilation
    10 functions had inline decision re-evaluated but remain unchanged
  Generación de código finalizada
  IG2Practica1.vcxproj -> C:\Users\rodri\OneDrive\Documentos\GitHub\En_Parejas2\IG2\IG2Practica1\x64\Release\IG2Practica1.exe
