c:\users\rodri\onedrive\documentos\github\en_parejas2\tpv2\tpv2 - p2\temp\x64\debug\vc143.pdb
c:\users\rodri\onedrive\documentos\github\en_parejas2\tpv2\tpv2 - p2\temp\x64\debug\vc143.idb
c:\users\rodri\onedrive\documentos\github\en_parejas2\tpv2\tpv2 - p2\temp\x64\debug\immunitysystem.obj
c:\users\rodri\onedrive\documentos\github\en_parejas2\tpv2\tpv2 - p2\temp\x64\debug\ghostsystem.obj
c:\users\rodri\onedrive\documentos\github\en_parejas2\tpv2\tpv2 - p2\temp\x64\debug\foodsystem.obj
c:\users\rodri\onedrive\documentos\github\en_parejas2\tpv2\tpv2 - p2\temp\x64\debug\collisionssystem.obj
c:\users\rodri\onedrive\documentos\github\en_parejas2\tpv2\tpv2 - p2\temp\x64\debug\texture.obj
c:\users\rodri\onedrive\documentos\github\en_parejas2\tpv2\tpv2 - p2\temp\x64\debug\soundeffect.obj
c:\users\rodri\onedrive\documentos\github\en_parejas2\tpv2\tpv2 - p2\temp\x64\debug\sdlutils_demo.obj
c:\users\rodri\onedrive\documentos\github\en_parejas2\tpv2\tpv2 - p2\temp\x64\debug\sdlutilserror.obj
c:\users\rodri\onedrive\documentos\github\en_parejas2\tpv2\tpv2 - p2\temp\x64\debug\sdlutils.obj
c:\users\rodri\onedrive\documentos\github\en_parejas2\tpv2\tpv2 - p2\temp\x64\debug\main.obj
c:\users\rodri\onedrive\documentos\github\en_parejas2\tpv2\tpv2 - p2\temp\x64\debug\json_demo.obj
c:\users\rodri\onedrive\documentos\github\en_parejas2\tpv2\tpv2 - p2\temp\x64\debug\jsonvalue.obj
c:\users\rodri\onedrive\documentos\github\en_parejas2\tpv2\tpv2 - p2\temp\x64\debug\json.obj
c:\users\rodri\onedrive\documentos\github\en_parejas2\tpv2\tpv2 - p2\temp\x64\debug\runningstate.obj
c:\users\rodri\onedrive\documentos\github\en_parejas2\tpv2\tpv2 - p2\temp\x64\debug\pausestate.obj
c:\users\rodri\onedrive\documentos\github\en_parejas2\tpv2\tpv2 - p2\temp\x64\debug\newroundstate.obj
c:\users\rodri\onedrive\documentos\github\en_parejas2\tpv2\tpv2 - p2\temp\x64\debug\newgamestate.obj
c:\users\rodri\onedrive\documentos\github\en_parejas2\tpv2\tpv2 - p2\temp\x64\debug\gameoverstate.obj
c:\users\rodri\onedrive\documentos\github\en_parejas2\tpv2\tpv2 - p2\temp\x64\debug\game.obj
c:\users\rodri\onedrive\documentos\github\en_parejas2\tpv2\tpv2 - p2\temp\x64\debug\entitymanager.obj
c:\users\rodri\onedrive\documentos\github\en_parejas2\tpv2\tpv2 - p2\temp\x64\debug\vector2d.obj
c:\users\rodri\onedrive\documentos\github\en_parejas2\tpv2\tpv2 - p2\temp\x64\debug\collisions.obj
c:\users\rodri\onedrive\documentos\github\en_parejas2\tpv2\tpv2 - p2\temp\x64\debug\rendersystem.obj
c:\users\rodri\onedrive\documentos\github\en_parejas2\tpv2\tpv2 - p2\temp\x64\debug\pacmansystem.obj
c:\users\rodri\onedrive\documentos\github\en_parejas2\tpv2\tpv2 - p2\bin\x64\debug\tpv2.exe
c:\users\rodri\onedrive\documentos\github\en_parejas2\tpv2\tpv2 - p2\bin\x64\debug\tpv2.pdb
c:\users\rodri\onedrive\documentos\github\en_parejas2\tpv2\tpv2 - p2\temp\x64\debug\tpv2.ilk
c:\users\rodri\onedrive\documentos\github\en_parejas2\tpv2\tpv2 - p2\temp\x64\debug\tpv2.vcxproj.filelistabsolute.txt
c:\users\rodri\onedrive\documentos\github\en_parejas2\tpv2\tpv2 - p2\temp\x64\debug\tpv2.tlog\cl.command.1.tlog
c:\users\rodri\onedrive\documentos\github\en_parejas2\tpv2\tpv2 - p2\temp\x64\debug\tpv2.tlog\cl.items.tlog
c:\users\rodri\onedrive\documentos\github\en_parejas2\tpv2\tpv2 - p2\temp\x64\debug\tpv2.tlog\cl.read.1.tlog
c:\users\rodri\onedrive\documentos\github\en_parejas2\tpv2\tpv2 - p2\temp\x64\debug\tpv2.tlog\cl.write.1.tlog
c:\users\rodri\onedrive\documentos\github\en_parejas2\tpv2\tpv2 - p2\temp\x64\debug\tpv2.tlog\link.command.1.tlog
c:\users\rodri\onedrive\documentos\github\en_parejas2\tpv2\tpv2 - p2\temp\x64\debug\tpv2.tlog\link.read.1.tlog
c:\users\rodri\onedrive\documentos\github\en_parejas2\tpv2\tpv2 - p2\temp\x64\debug\tpv2.tlog\link.secondary.1.tlog
c:\users\rodri\onedrive\documentos\github\en_parejas2\tpv2\tpv2 - p2\temp\x64\debug\tpv2.tlog\link.write.1.tlog
